Archive member included because of file (symbol)

C:\Users\moseichuk\AppData\Local\Temp\VMBuilds\MeandrSAMD21G18A\arduino_zero_native\Release/core.a(cortex_handlers.c.o)
                              (Reset_Handler)
C:\Users\moseichuk\AppData\Local\Temp\VMBuilds\MeandrSAMD21G18A\arduino_zero_native\Release/core.a(delay.c.o)
                              C:\Users\moseichuk\AppData\Local\Temp\VMBuilds\MeandrSAMD21G18A\arduino_zero_native\Release\MeandrSAMD21G18A.cpp.o (micros)
C:\Users\moseichuk\AppData\Local\Temp\VMBuilds\MeandrSAMD21G18A\arduino_zero_native\Release/core.a(hooks.c.o)
                              C:\Users\moseichuk\AppData\Local\Temp\VMBuilds\MeandrSAMD21G18A\arduino_zero_native\Release/core.a(delay.c.o) (yield)
C:\Users\moseichuk\AppData\Local\Temp\VMBuilds\MeandrSAMD21G18A\arduino_zero_native\Release/core.a(startup.c.o)
                              C:\Users\moseichuk\AppData\Local\Temp\VMBuilds\MeandrSAMD21G18A\arduino_zero_native\Release/core.a(cortex_handlers.c.o) (SystemInit)
C:\Users\moseichuk\AppData\Local\Temp\VMBuilds\MeandrSAMD21G18A\arduino_zero_native\Release/core.a(wiring.c.o)
                              C:\Users\moseichuk\AppData\Local\Temp\VMBuilds\MeandrSAMD21G18A\arduino_zero_native\Release/core.a(startup.c.o) (SystemCoreClock)
C:\Users\moseichuk\AppData\Local\Temp\VMBuilds\MeandrSAMD21G18A\arduino_zero_native\Release/core.a(wiring_analog.c.o)
                              C:\Users\moseichuk\AppData\Local\Temp\VMBuilds\MeandrSAMD21G18A\arduino_zero_native\Release/core.a(wiring.c.o) (analogReference)
C:\Users\moseichuk\AppData\Local\Temp\VMBuilds\MeandrSAMD21G18A\arduino_zero_native\Release/core.a(wiring_digital.c.o)
                              C:\Users\moseichuk\AppData\Local\Temp\VMBuilds\MeandrSAMD21G18A\arduino_zero_native\Release\MeandrSAMD21G18A.cpp.o (pinMode)
C:\Users\moseichuk\AppData\Local\Temp\VMBuilds\MeandrSAMD21G18A\arduino_zero_native\Release/core.a(wiring_private.c.o)
                              C:\Users\moseichuk\AppData\Local\Temp\VMBuilds\MeandrSAMD21G18A\arduino_zero_native\Release/core.a(wiring_analog.c.o) (pinPeripheral)
C:\Users\moseichuk\AppData\Local\Temp\VMBuilds\MeandrSAMD21G18A\arduino_zero_native\Release/core.a(main.cpp.o)
                              c:/users/moseichuk/appdata/local/arduino15/packages/arduino/tools/arm-none-eabi-gcc/4.8.3-2014q1/bin/../lib/gcc/arm-none-eabi/4.8.3/../../../../arm-none-eabi/lib/armv6-m/crt0.o (main)
C:\Users\moseichuk\AppData\Local\Temp\VMBuilds\MeandrSAMD21G18A\arduino_zero_native\Release/core.a(new.cpp.o)
                              C:\Users\moseichuk\AppData\Local\Temp\VMBuilds\MeandrSAMD21G18A\arduino_zero_native\Release\CorePinScenario.cpp.o (operator new(unsigned int))
C:\Users\moseichuk\AppData\Local\Temp\VMBuilds\MeandrSAMD21G18A\arduino_zero_native\Release/core.a(Print.cpp.o)
                              C:\Users\moseichuk\AppData\Local\Temp\VMBuilds\MeandrSAMD21G18A\arduino_zero_native\Release\MeandrSAMD21G18A.cpp.o (Print::println(char const*))
C:\Users\moseichuk\AppData\Local\Temp\VMBuilds\MeandrSAMD21G18A\arduino_zero_native\Release/core.a(Reset.cpp.o)
                              C:\Users\moseichuk\AppData\Local\Temp\VMBuilds\MeandrSAMD21G18A\arduino_zero_native\Release/core.a(delay.c.o) (tickReset)
C:\Users\moseichuk\AppData\Local\Temp\VMBuilds\MeandrSAMD21G18A\arduino_zero_native\Release/core.a(SERCOM.cpp.o)
                              C:\Users\moseichuk\AppData\Local\Temp\VMBuilds\MeandrSAMD21G18A\arduino_zero_native\Release\variant\variant.cpp.o (SERCOM::SERCOM(Sercom*))
C:\Users\moseichuk\AppData\Local\Temp\VMBuilds\MeandrSAMD21G18A\arduino_zero_native\Release/core.a(Uart.cpp.o)
                              C:\Users\moseichuk\AppData\Local\Temp\VMBuilds\MeandrSAMD21G18A\arduino_zero_native\Release\variant\variant.cpp.o (Uart::Uart(SERCOM*, unsigned char, unsigned char, SercomRXPad, SercomUartTXPad))
C:\Users\moseichuk\AppData\Local\Temp\VMBuilds\MeandrSAMD21G18A\arduino_zero_native\Release/core.a(WMath.cpp.o)
                              C:\Users\moseichuk\AppData\Local\Temp\VMBuilds\MeandrSAMD21G18A\arduino_zero_native\Release\MeandrSAMD21G18A.cpp.o (random(long, long))
C:\Users\moseichuk\AppData\Local\Temp\VMBuilds\MeandrSAMD21G18A\arduino_zero_native\Release/core.a(CDC.cpp.o)
                              C:\Users\moseichuk\AppData\Local\Temp\VMBuilds\MeandrSAMD21G18A\arduino_zero_native\Release\MeandrSAMD21G18A.cpp.o (Serial_::begin(unsigned long))
C:\Users\moseichuk\AppData\Local\Temp\VMBuilds\MeandrSAMD21G18A\arduino_zero_native\Release/core.a(USBCore.cpp.o)
                              C:\Users\moseichuk\AppData\Local\Temp\VMBuilds\MeandrSAMD21G18A\arduino_zero_native\Release/core.a(main.cpp.o) (USBDeviceClass::init())
C:\Users\moseichuk\AppData\Local\Temp\VMBuilds\MeandrSAMD21G18A\arduino_zero_native\Release/core.a(abi.cpp.o)
[...]
Memory Configuration

Name             Origin             Length             Attributes
FLASH            0x00002000         0x0003e000         xr
RAM              0x20000000         0x00008000         xrw
*default*        0x00000000         0xffffffff

Linker script and memory map

LOAD c:/users/moseichuk/appdata/local/arduino15/packages/arduino/tools/arm-none-eabi-gcc/4.8.3-2014q1/bin/../lib/gcc/arm-none-eabi/4.8.3/armv6-m/crti.o
LOAD c:/users/moseichuk/appdata/local/arduino15/packages/arduino/tools/arm-none-eabi-gcc/4.8.3-2014q1/bin/../lib/gcc/arm-none-eabi/4.8.3/armv6-m/crtbegin.o
LOAD c:/users/moseichuk/appdata/local/arduino15/packages/arduino/tools/arm-none-eabi-gcc/4.8.3-2014q1/bin/../lib/gcc/arm-none-eabi/4.8.3/../../../../arm-none-eabi/lib/armv6-m/crt0.o
LOAD C:\Users\moseichuk\AppData\Local\Temp\VMBuilds\MeandrSAMD21G18A\arduino_zero_native\Release\MeandrSAMD21G18A.cpp.o
LOAD C:\Users\moseichuk\AppData\Local\Temp\VMBuilds\MeandrSAMD21G18A\arduino_zero_native\Release\CorePinScenario.cpp.o
LOAD C:\Users\moseichuk\AppData\Local\Temp\VMBuilds\MeandrSAMD21G18A\arduino_zero_native\Release\variant\variant.cpp.o
START GROUP
LOAD C:\Users\moseichuk\AppData\Local\arduino15\packages\arduino\tools\CMSIS\4.5.0/CMSIS/Lib/GCC/\libarm_cortexM0l_math.a
LOAD c:/users/moseichuk/appdata/local/arduino15/packages/arduino/tools/arm-none-eabi-gcc/4.8.3-2014q1/bin/../lib/gcc/arm-none-eabi/4.8.3/../../../../arm-none-eabi/lib/armv6-m\libm.a
LOAD C:\Users\moseichuk\AppData\Local\Temp\VMBuilds\MeandrSAMD21G18A\arduino_zero_native\Release/core.a
END GROUP
START GROUP
LOAD c:/users/moseichuk/appdata/local/arduino15/packages/arduino/tools/arm-none-eabi-gcc/4.8.3-2014q1/bin/../lib/gcc/arm-none-eabi/4.8.3/armv6-m\libgcc.a
LOAD c:/users/moseichuk/appdata/local/arduino15/packages/arduino/tools/arm-none-eabi-gcc/4.8.3-2014q1/bin/../lib/gcc/arm-none-eabi/4.8.3/../../../../arm-none-eabi/lib/armv6-m\libc_s.a
END GROUP
START GROUP
LOAD c:/users/moseichuk/appdata/local/arduino15/packages/arduino/tools/arm-none-eabi-gcc/4.8.3-2014q1/bin/../lib/gcc/arm-none-eabi/4.8.3/armv6-m\libgcc.a
LOAD c:/users/moseichuk/appdata/local/arduino15/packages/arduino/tools/arm-none-eabi-gcc/4.8.3-2014q1/bin/../lib/gcc/arm-none-eabi/4.8.3/../../../../arm-none-eabi/lib/armv6-m\libc_s.a
LOAD c:/users/moseichuk/appdata/local/arduino15/packages/arduino/tools/arm-none-eabi-gcc/4.8.3-2014q1/bin/../lib/gcc/arm-none-eabi/4.8.3/../../../../arm-none-eabi/lib/armv6-m\libnosys.a
END GROUP
START GROUP
LOAD c:/users/moseichuk/appdata/local/arduino15/packages/arduino/tools/arm-none-eabi-gcc/4.8.3-2014q1/bin/../lib/gcc/arm-none-eabi/4.8.3/armv6-m\libgcc.a
LOAD c:/users/moseichuk/appdata/local/arduino15/packages/arduino/tools/arm-none-eabi-gcc/4.8.3-2014q1/bin/../lib/gcc/arm-none-eabi/4.8.3/../../../../arm-none-eabi/lib/armv6-m\libc_s.a
LOAD c:/users/moseichuk/appdata/local/arduino15/packages/arduino/tools/arm-none-eabi-gcc/4.8.3-2014q1/bin/../lib/gcc/arm-none-eabi/4.8.3/../../../../arm-none-eabi/lib/armv6-m\libnosys.a
END GROUP
LOAD c:/users/moseichuk/appdata/local/arduino15/packages/arduino/tools/arm-none-eabi-gcc/4.8.3-2014q1/bin/../lib/gcc/arm-none-eabi/4.8.3/armv6-m/crtend.o
LOAD c:/users/moseichuk/appdata/local/arduino15/packages/arduino/tools/arm-none-eabi-gcc/4.8.3-2014q1/bin/../lib/gcc/arm-none-eabi/4.8.3/armv6-m/crtn.o

.text           0x00002000     0x31b8
                0x00002000                __text_start__ = .
 *(.sketch_boot)
                0x00002000                . = ALIGN (0x2000)
 *(.isr_vector)
 .isr_vector    0x00002000       0xb4 C:\Users\moseichuk\AppData\Local\Temp\VMBuilds\MeandrSAMD21G18A\arduino_zero_native\Release/core.a(cortex_handlers.c.o)
                0x00002000                exception_table
 *(.text*)
 .text          0x000020b4       0x60 c:/users/moseichuk/appdata/local/arduino15/packages/arduino/tools/arm-none-eabi-gcc/4.8.3-2014q1/bin/../lib/gcc/arm-none-eabi/4.8.3/armv6-m/crtbegin.o
 .text.setup    0x00002114      0x3c4 C:\Users\moseichuk\AppData\Local\Temp\VMBuilds\MeandrSAMD21G18A\arduino_zero_native\Release\MeandrSAMD21G18A.cpp.o
                0x00002114                setup
 .text.loop     0x000024d8      0x168 C:\Users\moseichuk\AppData\Local\Temp\VMBuilds\MeandrSAMD21G18A\arduino_zero_native\Release\MeandrSAMD21G18A.cpp.o
                0x000024d8                loop
 .text.startup._GLOBAL__sub_I_scene1
                0x00002640       0x4c C:\Users\moseichuk\AppData\Local\Temp\VMBuilds\MeandrSAMD21G18A\arduino_zero_native\Release\MeandrSAMD21G18A.cpp.o
 .text._ZN15CorePinScenarioC2Ev
                0x0000268c       0x26 C:\Users\moseichuk\AppData\Local\Temp\VMBuilds\MeandrSAMD21G18A\arduino_zero_native\Release\CorePinScenario.cpp.o
                0x0000268c                CorePinScenario::CorePinScenario()
                0x0000268c                CorePinScenario::CorePinScenario()
 .text._ZN15CorePinScenario7setLoopEb
                0x000026b2        0x4 C:\Users\moseichuk\AppData\Local\Temp\VMBuilds\MeandrSAMD21G18A\arduino_zero_native\Release\CorePinScenario.cpp.o
                0x000026b2                CorePinScenario::setLoop(bool)
 .text._ZN15CorePinScenario5resetEv
                0x000026b6        0xa C:\Users\moseichuk\AppData\Local\Temp\VMBuilds\MeandrSAMD21G18A\arduino_zero_native\Release\CorePinScenario.cpp.o
                0x000026b6                CorePinScenario::reset()
 .text._ZN15CorePinScenario3addE13CorePinAction
                0x000026c0       0x46 C:\Users\moseichuk\AppData\Local\Temp\VMBuilds\MeandrSAMD21G18A\arduino_zero_native\Release\CorePinScenario.cpp.o
                0x000026c0                CorePinScenario::add(CorePinAction)
 .text._ZN15CorePinScenario6isDoneEv
                0x00002706        0x4 C:\Users\moseichuk\AppData\Local\Temp\VMBuilds\MeandrSAMD21G18A\arduino_zero_native\Release\CorePinScenario.cpp.o
                0x00002706                CorePinScenario::isDone()
 .text._ZN15CorePinScenario6updateEv
                0x0000270a       0x80 C:\Users\moseichuk\AppData\Local\Temp\VMBuilds\MeandrSAMD21G18A\arduino_zero_native\Release\CorePinScenario.cpp.o
                0x0000270a                CorePinScenario::update()
 *fill*         0x0000278a        0x2 
 .text.SERCOM0_Handler
                0x0000278c       0x10 C:\Users\moseichuk\AppData\Local\Temp\VMBuilds\MeandrSAMD21G18A\arduino_zero_native\Release\variant\variant.cpp.o
                0x0000278c                SERCOM0_Handler
 .text.SERCOM5_Handler
                0x0000279c       0x10 C:\Users\moseichuk\AppData\Local\Temp\VMBuilds\MeandrSAMD21G18A\arduino_zero_native\Release\variant\variant.cpp.o
                0x0000279c                SERCOM5_Handler
 .text.startup._GLOBAL__sub_I_g_APinDescription
                0x000027ac       0x94 C:\Users\moseichuk\AppData\Local\Temp\VMBuilds\MeandrSAMD21G18A\arduino_zero_native\Release\variant\variant.cpp.o
 .text.Dummy_Handler
                0x00002840        0x2 C:\Users\moseichuk\AppData\Local\Temp\VMBuilds\MeandrSAMD21G18A\arduino_zero_native\Release/core.a(cortex_handlers.c.o)
                0x00002840                DMAC_Handler
                0x00002840                HardFault_Handler
                0x00002840                AC_Handler
                0x00002840                PendSV_Handler
                0x00002840                NMI_Handler
                0x00002840                TC7_Handler
                0x00002840                SERCOM1_Handler
                0x00002840                ADC_Handler
                0x00002840                TCC1_Handler
                0x00002840                SERCOM2_Handler
                0x00002840                TCC0_Handler
                0x00002840                RTC_Handler
                0x00002840                EIC_Handler
                0x00002840                TC6_Handler
                0x00002840                WDT_Handler
                0x00002840                TC4_Handler
                0x00002840                TC3_Handler
                0x00002840                Dummy_Handler
                0x00002840                PM_Handler
                0x00002840                SVC_Handler
                0x00002840                TCC2_Handler
                0x00002840                EVSYS_Handler
                0x00002840                SERCOM3_Handler
                0x00002840                SERCOM4_Handler
                0x00002840                I2S_Handler
                0x00002840                NVMCTRL_Handler
                0x00002840                DAC_Handler
                0x00002840                PTC_Handler
                0x00002840                SYSCTRL_Handler
 *fill*         0x00002842        0x2 
 .text.USB_Handler
                0x00002844       0x14 C:\Users\moseichuk\AppData\Local\Temp\VMBuilds\MeandrSAMD21G18A\arduino_zero_native\Release/core.a(cortex_handlers.c.o)
                0x00002844                USB_Handler
 .text.Reset_Handler
                0x00002858       0x54 C:\Users\moseichuk\AppData\Local\Temp\VMBuilds\MeandrSAMD21G18A\arduino_zero_native\Release/core.a(cortex_handlers.c.o)
                0x00002858                Reset_Handler
 .text.SysTick_Handler
                0x000028ac       0x10 C:\Users\moseichuk\AppData\Local\Temp\VMBuilds\MeandrSAMD21G18A\arduino_zero_native\Release/core.a(cortex_handlers.c.o)
                0x000028ac                SysTick_Handler
 .text.USB_SetHandler
                0x000028bc        0xc C:\Users\moseichuk\AppData\Local\Temp\VMBuilds\MeandrSAMD21G18A\arduino_zero_native\Release/core.a(cortex_handlers.c.o)
                0x000028bc                USB_SetHandler
 .text.micros   0x000028c8       0x64 C:\Users\moseichuk\AppData\Local\Temp\VMBuilds\MeandrSAMD21G18A\arduino_zero_native\Release/core.a(delay.c.o)
                0x000028c8                micros
 .text.delay    0x0000292c       0x20 C:\Users\moseichuk\AppData\Local\Temp\VMBuilds\MeandrSAMD21G18A\arduino_zero_native\Release/core.a(delay.c.o)
                0x0000292c                delay
 .text.SysTick_DefaultHandler
                0x0000294c       0x14 C:\Users\moseichuk\AppData\Local\Temp\VMBuilds\MeandrSAMD21G18A\arduino_zero_native\Release/core.a(delay.c.o)
                0x0000294c                SysTick_DefaultHandler
 .text.__empty  0x00002960        0x2 C:\Users\moseichuk\AppData\Local\Temp\VMBuilds\MeandrSAMD21G18A\arduino_zero_native\Release/core.a(hooks.c.o)
                0x00002960                yield
 .text.__false  0x00002962        0x4 C:\Users\moseichuk\AppData\Local\Temp\VMBuilds\MeandrSAMD21G18A\arduino_zero_native\Release/core.a(hooks.c.o)
                0x00002962                sysTickHook
 *fill*         0x00002966        0x2 
 .text.SystemInit
                0x00002968      0x168 C:\Users\moseichuk\AppData\Local\Temp\VMBuilds\MeandrSAMD21G18A\arduino_zero_native\Release/core.a(startup.c.o)
                0x00002968                SystemInit
 .text.init     0x00002ad0       0xf0 C:\Users\moseichuk\AppData\Local\Temp\VMBuilds\MeandrSAMD21G18A\arduino_zero_native\Release/core.a(wiring.c.o)
                0x00002ad0                init
 .text.analogReference
                0x00002bc0       0x5c C:\Users\moseichuk\AppData\Local\Temp\VMBuilds\MeandrSAMD21G18A\arduino_zero_native\Release/core.a(wiring_analog.c.o)
                0x00002bc0                analogReference
 .text.pinMode  0x00002c1c       0xb4 C:\Users\moseichuk\AppData\Local\Temp\VMBuilds\MeandrSAMD21G18A\arduino_zero_native\Release/core.a(wiring_digital.c.o)
                0x00002c1c                pinMode
 .text.digitalWrite
                0x00002cd0       0x60 C:\Users\moseichuk\AppData\Local\Temp\VMBuilds\MeandrSAMD21G18A\arduino_zero_native\Release/core.a(wiring_digital.c.o)
                0x00002cd0                digitalWrite
 .text.pinPeripheral
                0x00002d30       0xc4 C:\Users\moseichuk\AppData\Local\Temp\VMBuilds\MeandrSAMD21G18A\arduino_zero_native\Release/core.a(wiring_private.c.o)
                0x00002d30                pinPeripheral
 .text._Z11initVariantv
                0x00002df4        0x2 C:\Users\moseichuk\AppData\Local\Temp\VMBuilds\MeandrSAMD21G18A\arduino_zero_native\Release/core.a(main.cpp.o)
                0x00002df4                initVariant()
 *fill*         0x00002df6        0x2 
 .text.startup.main
                0x00002df8       0x40 C:\Users\moseichuk\AppData\Local\Temp\VMBuilds\MeandrSAMD21G18A\arduino_zero_native\Release/core.a(main.cpp.o)
                0x00002df8                main
 .text._Znwj    0x00002e38        0x8 C:\Users\moseichuk\AppData\Local\Temp\VMBuilds\MeandrSAMD21G18A\arduino_zero_native\Release/core.a(new.cpp.o)
                0x00002e38                operator new(unsigned int)
 .text._ZN5Print5writeEPKhj
                0x00002e40       0x28 C:\Users\moseichuk\AppData\Local\Temp\VMBuilds\MeandrSAMD21G18A\arduino_zero_native\Release/core.a(Print.cpp.o)
                0x00002e40                Print::write(unsigned char const*, unsigned int)
 .text._ZN5Print5printEmi.part.3
                0x00002e68        0xc C:\Users\moseichuk\AppData\Local\Temp\VMBuilds\MeandrSAMD21G18A\arduino_zero_native\Release/core.a(Print.cpp.o)
 .text._ZN5Print5writeEPKc
                0x00002e74       0x1c C:\Users\moseichuk\AppData\Local\Temp\VMBuilds\MeandrSAMD21G18A\arduino_zero_native\Release/core.a(Print.cpp.o)
                0x00002e74                Print::write(char const*)
 .text._ZN5Print7printlnEv
                0x00002e90       0x10 C:\Users\moseichuk\AppData\Local\Temp\VMBuilds\MeandrSAMD21G18A\arduino_zero_native\Release/core.a(Print.cpp.o)
                0x00002e90                Print::println()
 .text._ZN5Print7printlnEPKc
                0x00002ea0       0x14 C:\Users\moseichuk\AppData\Local\Temp\VMBuilds\MeandrSAMD21G18A\arduino_zero_native\Release/core.a(Print.cpp.o)
                0x00002ea0                Print::println(char const*)
 .text._ZN5Print11printNumberEmh
                0x00002eb4       0x4e C:\Users\moseichuk\AppData\Local\Temp\VMBuilds\MeandrSAMD21G18A\arduino_zero_native\Release/core.a(Print.cpp.o)
                0x00002eb4                Print::printNumber(unsigned long, unsigned char)
 .text._ZN5Print5printEmi
                0x00002f02       0x14 C:\Users\moseichuk\AppData\Local\Temp\VMBuilds\MeandrSAMD21G18A\arduino_zero_native\Release/core.a(Print.cpp.o)
                0x00002f02                Print::print(unsigned long, int)
 .text._ZN5Print7printlnEmi
                0x00002f16       0x14 C:\Users\moseichuk\AppData\Local\Temp\VMBuilds\MeandrSAMD21G18A\arduino_zero_native\Release/core.a(Print.cpp.o)
                0x00002f16                Print::println(unsigned long, int)
 *fill*         0x00002f2a        0x2 
 .text.initiateReset
                0x00002f2c        0xc C:\Users\moseichuk\AppData\Local\Temp\VMBuilds\MeandrSAMD21G18A\arduino_zero_native\Release/core.a(Reset.cpp.o)
                0x00002f2c                initiateReset
 .text.cancelReset
                0x00002f38       0x10 C:\Users\moseichuk\AppData\Local\Temp\VMBuilds\MeandrSAMD21G18A\arduino_zero_native\Release/core.a(Reset.cpp.o)
                0x00002f38                cancelReset
 .text.tickReset
                0x00002f48       0x74 C:\Users\moseichuk\AppData\Local\Temp\VMBuilds\MeandrSAMD21G18A\arduino_zero_native\Release/core.a(Reset.cpp.o)
                0x00002f48                tickReset
 .text._ZN6SERCOMC2EP6Sercom
                0x00002fbc        0x4 C:\Users\moseichuk\AppData\Local\Temp\VMBuilds\MeandrSAMD21G18A\arduino_zero_native\Release/core.a(SERCOM.cpp.o)
                0x00002fbc                SERCOM::SERCOM(Sercom*)
                0x00002fbc                SERCOM::SERCOM(Sercom*)
 .text._ZN6SERCOM9initFrameE18SercomUartCharSize15SercomDataOrder16SercomParityMode19SercomNumberStopBit
                0x00002fc0       0x38 C:\Users\moseichuk\AppData\Local\Temp\VMBuilds\MeandrSAMD21G18A\arduino_zero_native\Release/core.a(SERCOM.cpp.o)
                0x00002fc0                SERCOM::initFrame(SercomUartCharSize, SercomDataOrder, SercomParityMode, SercomNumberStopBit)
 .text._ZN6SERCOM8initPadsE15SercomUartTXPad11SercomRXPad
                0x00002ff8       0x26 C:\Users\moseichuk\AppData\Local\Temp\VMBuilds\MeandrSAMD21G18A\arduino_zero_native\Release/core.a(SERCOM.cpp.o)
                0x00002ff8                SERCOM::initPads(SercomUartTXPad, SercomRXPad)
 .text._ZN6SERCOM9resetUARTEv
                0x0000301e       0x1c C:\Users\moseichuk\AppData\Local\Temp\VMBuilds\MeandrSAMD21G18A\arduino_zero_native\Release/core.a(SERCOM.cpp.o)
                0x0000301e                SERCOM::resetUART()
 .text._ZN6SERCOM10enableUARTEv
                0x0000303a       0x14 C:\Users\moseichuk\AppData\Local\Temp\VMBuilds\MeandrSAMD21G18A\arduino_zero_native\Release/core.a(SERCOM.cpp.o)
                0x0000303a                SERCOM::enableUART()
 .text._ZN6SERCOM9flushUARTEv
                0x0000304e       0x10 C:\Users\moseichuk\AppData\Local\Temp\VMBuilds\MeandrSAMD21G18A\arduino_zero_native\Release/core.a(SERCOM.cpp.o)
                0x0000304e                SERCOM::flushUART()
 .text._ZN6SERCOM15clearStatusUARTEv
                0x0000305e        0x8 C:\Users\moseichuk\AppData\Local\Temp\VMBuilds\MeandrSAMD21G18A\arduino_zero_native\Release/core.a(SERCOM.cpp.o)
                0x0000305e                SERCOM::clearStatusUART()
 .text._ZN6SERCOM17availableDataUARTEv
                0x00003066        0xa C:\Users\moseichuk\AppData\Local\Temp\VMBuilds\MeandrSAMD21G18A\arduino_zero_native\Release/core.a(SERCOM.cpp.o)
                0x00003066                SERCOM::availableDataUART()
 .text._ZN6SERCOM11isUARTErrorEv
                0x00003070        0x8 C:\Users\moseichuk\AppData\Local\Temp\VMBuilds\MeandrSAMD21G18A\arduino_zero_native\Release/core.a(SERCOM.cpp.o)
                0x00003070                SERCOM::isUARTError()
 .text._ZN6SERCOM20acknowledgeUARTErrorEv
                0x00003078        0xe C:\Users\moseichuk\AppData\Local\Temp\VMBuilds\MeandrSAMD21G18A\arduino_zero_native\Release/core.a(SERCOM.cpp.o)
                0x00003078                SERCOM::acknowledgeUARTError()
 .text._ZN6SERCOM23isDataRegisterEmptyUARTEv
                0x00003086        0xa C:\Users\moseichuk\AppData\Local\Temp\VMBuilds\MeandrSAMD21G18A\arduino_zero_native\Release/core.a(SERCOM.cpp.o)
                0x00003086                SERCOM::isDataRegisterEmptyUART()
 .text._ZN6SERCOM12readDataUARTEv
                0x00003090        0x8 C:\Users\moseichuk\AppData\Local\Temp\VMBuilds\MeandrSAMD21G18A\arduino_zero_native\Release/core.a(SERCOM.cpp.o)
                0x00003090                SERCOM::readDataUART()
 .text._ZN6SERCOM13writeDataUARTEh
                0x00003098        0xe C:\Users\moseichuk\AppData\Local\Temp\VMBuilds\MeandrSAMD21G18A\arduino_zero_native\Release/core.a(SERCOM.cpp.o)
                0x00003098                SERCOM::writeDataUART(unsigned char)
 .text._ZN6SERCOM36enableDataRegisterEmptyInterruptUARTEv
                0x000030a6        0x8 C:\Users\moseichuk\AppData\Local\Temp\VMBuilds\MeandrSAMD21G18A\arduino_zero_native\Release/core.a(SERCOM.cpp.o)
                0x000030a6                SERCOM::enableDataRegisterEmptyInterruptUART()
 .text._ZN6SERCOM37disableDataRegisterEmptyInterruptUARTEv
                0x000030ae        0x8 C:\Users\moseichuk\AppData\Local\Temp\VMBuilds\MeandrSAMD21G18A\arduino_zero_native\Release/core.a(SERCOM.cpp.o)
                0x000030ae                SERCOM::disableDataRegisterEmptyInterruptUART()
 *fill*         0x000030b6        0x2 
 .text._ZN6SERCOM13initClockNVICEv
                0x000030b8       0xac C:\Users\moseichuk\AppData\Local\Temp\VMBuilds\MeandrSAMD21G18A\arduino_zero_native\Release/core.a(SERCOM.cpp.o)
                0x000030b8                SERCOM::initClockNVIC()
 .text._ZN6SERCOM8initUARTE14SercomUartMode20SercomUartSampleRatem
                0x00003164       0x6c C:\Users\moseichuk\AppData\Local\Temp\VMBuilds\MeandrSAMD21G18A\arduino_zero_native\Release/core.a(SERCOM.cpp.o)
                0x00003164                SERCOM::initUART(SercomUartMode, SercomUartSampleRate, unsigned long)
 .text._ZN4UartcvbEv
                0x000031d0        0x4 C:\Users\moseichuk\AppData\Local\Temp\VMBuilds\MeandrSAMD21G18A\arduino_zero_native\Release/core.a(Uart.cpp.o)
                0x000031d0                Uart::operator bool()
 .text._ZN4Uart5beginEm
                0x000031d4       0x10 C:\Users\moseichuk\AppData\Local\Temp\VMBuilds\MeandrSAMD21G18A\arduino_zero_native\Release/core.a(Uart.cpp.o)
                0x000031d4                Uart::begin(unsigned long)
 .text._ZN4Uart4peekEv
                0x000031e4       0x16 C:\Users\moseichuk\AppData\Local\Temp\VMBuilds\MeandrSAMD21G18A\arduino_zero_native\Release/core.a(Uart.cpp.o)
                0x000031e4                Uart::peek()
 .text._ZN4Uart3endEv
                0x000031fa       0x1c C:\Users\moseichuk\AppData\Local\Temp\VMBuilds\MeandrSAMD21G18A\arduino_zero_native\Release/core.a(Uart.cpp.o)
                0x000031fa                Uart::end()
 *fill*         0x00003216        0x2 
 .text._ZN4UartC2EP6SERCOMhh11SercomRXPad15SercomUartTXPadhh
                0x00003218       0x7c C:\Users\moseichuk\AppData\Local\Temp\VMBuilds\MeandrSAMD21G18A\arduino_zero_native\Release/core.a(Uart.cpp.o)
                0x00003218                Uart::Uart(SERCOM*, unsigned char, unsigned char, SercomRXPad, SercomUartTXPad, unsigned char, unsigned char)
                0x00003218                Uart::Uart(SERCOM*, unsigned char, unsigned char, SercomRXPad, SercomUartTXPad, unsigned char, unsigned char)
 .text._ZN4UartC2EP6SERCOMhh11SercomRXPad15SercomUartTXPad
                0x00003294       0x24 C:\Users\moseichuk\AppData\Local\Temp\VMBuilds\MeandrSAMD21G18A\arduino_zero_native\Release/core.a(Uart.cpp.o)
                0x00003294                Uart::Uart(SERCOM*, unsigned char, unsigned char, SercomRXPad, SercomUartTXPad)
                0x00003294                Uart::Uart(SERCOM*, unsigned char, unsigned char, SercomRXPad, SercomUartTXPad)
 .text._ZN4Uart16extractNbStopBitEt
                0x000032b8        0xe C:\Users\moseichuk\AppData\Local\Temp\VMBuilds\MeandrSAMD21G18A\arduino_zero_native\Release/core.a(Uart.cpp.o)
                0x000032b8                Uart::extractNbStopBit(unsigned short)
 .text._ZN4Uart15extractCharSizeEt
                0x000032c6       0x2c C:\Users\moseichuk\AppData\Local\Temp\VMBuilds\MeandrSAMD21G18A\arduino_zero_native\Release/core.a(Uart.cpp.o)
                0x000032c6                Uart::extractCharSize(unsigned short)
 .text._ZN4Uart13extractParityEt
                0x000032f2       0x18 C:\Users\moseichuk\AppData\Local\Temp\VMBuilds\MeandrSAMD21G18A\arduino_zero_native\Release/core.a(Uart.cpp.o)
                0x000032f2                Uart::extractParity(unsigned short)
 *fill*         0x0000330a        0x2 
 .text._ZN4Uart5beginEmt
                0x0000330c       0xf4 C:\Users\moseichuk\AppData\Local\Temp\VMBuilds\MeandrSAMD21G18A\arduino_zero_native\Release/core.a(Uart.cpp.o)
                0x0000330c                Uart::begin(unsigned long, unsigned short)
 .text._ZN11RingBufferNILi64EE9availableEv
                0x00003400        0xc C:\Users\moseichuk\AppData\Local\Temp\VMBuilds\MeandrSAMD21G18A\arduino_zero_native\Release/core.a(Uart.cpp.o)
                0x00003400                RingBufferN<64>::available()
 .text._ZN4Uart5flushEv
                0x0000340c       0x18 C:\Users\moseichuk\AppData\Local\Temp\VMBuilds\MeandrSAMD21G18A\arduino_zero_native\Release/core.a(Uart.cpp.o)
                0x0000340c                Uart::flush()
 .text._ZN4Uart9availableEv
                0x00003424        0xa C:\Users\moseichuk\AppData\Local\Temp\VMBuilds\MeandrSAMD21G18A\arduino_zero_native\Release/core.a(Uart.cpp.o)
                0x00003424                Uart::available()
 .text._ZN11RingBufferNILi64EE17availableForStoreEv
                0x0000342e       0x1c C:\Users\moseichuk\AppData\Local\Temp\VMBuilds\MeandrSAMD21G18A\arduino_zero_native\Release/core.a(Uart.cpp.o)
                0x0000342e                RingBufferN<64>::availableForStore()
 .text._ZN4Uart17availableForWriteEv
                0x0000344a        0xa C:\Users\moseichuk\AppData\Local\Temp\VMBuilds\MeandrSAMD21G18A\arduino_zero_native\Release/core.a(Uart.cpp.o)
                0x0000344a                Uart::availableForWrite()
 .text._ZN4Uart10IrqHandlerEv
                0x00003454       0xb2 C:\Users\moseichuk\AppData\Local\Temp\VMBuilds\MeandrSAMD21G18A\arduino_zero_native\Release/core.a(Uart.cpp.o)
                0x00003454                Uart::IrqHandler()
 *fill*         0x00003506        0x2 
 .text._ZN4Uart5writeEh
                0x00003508       0xb8 C:\Users\moseichuk\AppData\Local\Temp\VMBuilds\MeandrSAMD21G18A\arduino_zero_native\Release/core.a(Uart.cpp.o)
                0x00003508                Uart::write(unsigned char)
 .text._ZN4Uart4readEv
                0x000035c0       0x48 C:\Users\moseichuk\AppData\Local\Temp\VMBuilds\MeandrSAMD21G18A\arduino_zero_native\Release/core.a(Uart.cpp.o)
                0x000035c0                Uart::read()
 .text._Z6randoml
                0x00003608       0x18 C:\Users\moseichuk\AppData\Local\Temp\VMBuilds\MeandrSAMD21G18A\arduino_zero_native\Release/core.a(WMath.cpp.o)
                0x00003608                random(long)
 .text._Z6randomll
                0x00003620       0x14 C:\Users\moseichuk\AppData\Local\Temp\VMBuilds\MeandrSAMD21G18A\arduino_zero_native\Release/core.a(WMath.cpp.o)
                0x00003620                random(long, long)
 .text._ZN7Serial_17availableForWriteEv
                0x00003634        0x4 C:\Users\moseichuk\AppData\Local\Temp\VMBuilds\MeandrSAMD21G18A\arduino_zero_native\Release/core.a(CDC.cpp.o)
                0x00003634                Serial_::availableForWrite()
 .text._ZN7Serial_5writeEh
                0x00003638       0x14 C:\Users\moseichuk\AppData\Local\Temp\VMBuilds\MeandrSAMD21G18A\arduino_zero_native\Release/core.a(CDC.cpp.o)
                0x00003638                Serial_::write(unsigned char)
 .text._ZN7Serial_9availableEv
                0x0000364c        0xc C:\Users\moseichuk\AppData\Local\Temp\VMBuilds\MeandrSAMD21G18A\arduino_zero_native\Release/core.a(CDC.cpp.o)
                0x0000364c                Serial_::available()
 .text._ZN7Serial_5flushEv
                0x00003658        0xc C:\Users\moseichuk\AppData\Local\Temp\VMBuilds\MeandrSAMD21G18A\arduino_zero_native\Release/core.a(CDC.cpp.o)
                0x00003658                Serial_::flush()
 .text._ZN7Serial_5writeEPKhj
                0x00003664       0x1c C:\Users\moseichuk\AppData\Local\Temp\VMBuilds\MeandrSAMD21G18A\arduino_zero_native\Release/core.a(CDC.cpp.o)
                0x00003664                Serial_::write(unsigned char const*, unsigned int)
 .text._ZN7Serial_4peekEv
                0x00003680       0x1c C:\Users\moseichuk\AppData\Local\Temp\VMBuilds\MeandrSAMD21G18A\arduino_zero_native\Release/core.a(CDC.cpp.o)
                0x00003680                Serial_::peek()
 .text._ZN7Serial_4readEv
                0x0000369c       0x24 C:\Users\moseichuk\AppData\Local\Temp\VMBuilds\MeandrSAMD21G18A\arduino_zero_native\Release/core.a(CDC.cpp.o)
                0x0000369c                Serial_::read()
 .text._Z16CDC_GetInterfacePh
                0x000036c0       0x1c C:\Users\moseichuk\AppData\Local\Temp\VMBuilds\MeandrSAMD21G18A\arduino_zero_native\Release/core.a(CDC.cpp.o)
                0x000036c0                CDC_GetInterface(unsigned char*)
 .text._Z9CDC_SetupR8USBSetup
                0x000036dc       0x80 C:\Users\moseichuk\AppData\Local\Temp\VMBuilds\MeandrSAMD21G18A\arduino_zero_native\Release/core.a(CDC.cpp.o)
                0x000036dc                CDC_Setup(USBSetup&)
 .text._ZN7Serial_5beginEm
                0x0000375c        0x2 C:\Users\moseichuk\AppData\Local\Temp\VMBuilds\MeandrSAMD21G18A\arduino_zero_native\Release/core.a(CDC.cpp.o)
                0x0000375c                Serial_::begin(unsigned long)
 *fill*         0x0000375e        0x2 
 .text.startup._GLOBAL__sub_I__Z17_CDC_GetInterfacev
                0x00003760       0x28 C:\Users\moseichuk\AppData\Local\Temp\VMBuilds\MeandrSAMD21G18A\arduino_zero_native\Release/core.a(CDC.cpp.o)
 .text._ZL5utox8mPc
                0x00003788       0x1c C:\Users\moseichuk\AppData\Local\Temp\VMBuilds\MeandrSAMD21G18A\arduino_zero_native\Release/core.a(USBCore.cpp.o)
 .text._ZN14USBDeviceClass6initEPEmm.part.4
                0x000037a4       0xc8 C:\Users\moseichuk\AppData\Local\Temp\VMBuilds\MeandrSAMD21G18A\arduino_zero_native\Release/core.a(USBCore.cpp.o)
 .text._ZN20USBDevice_SAMD21G18x5resetEv
                0x0000386c       0x28 C:\Users\moseichuk\AppData\Local\Temp\VMBuilds\MeandrSAMD21G18A\arduino_zero_native\Release/core.a(USBCore.cpp.o)
                0x0000386c                USBDevice_SAMD21G18x::reset()
 .text._ZN20USBDevice_SAMD21G18x9calibrateEv
                0x00003894       0x5c C:\Users\moseichuk\AppData\Local\Temp\VMBuilds\MeandrSAMD21G18A\arduino_zero_native\Release/core.a(USBCore.cpp.o)
                0x00003894                USBDevice_SAMD21G18x::calibrate()
 .text._ZN7__GuardC2Ev
                0x000038f0        0xe C:\Users\moseichuk\AppData\Local\Temp\VMBuilds\MeandrSAMD21G18A\arduino_zero_native\Release/core.a(USBCore.cpp.o)
                0x000038f0                __Guard::__Guard()
                0x000038f0                __Guard::__Guard()
 .text._ZN7__GuardD2Ev
                0x000038fe        0xe C:\Users\moseichuk\AppData\Local\Temp\VMBuilds\MeandrSAMD21G18A\arduino_zero_native\Release/core.a(USBCore.cpp.o)
                0x000038fe                __Guard::~__Guard()
                0x000038fe                __Guard::~__Guard()
 .text._ZNK26DoubleBufferedEPOutHandler9availableEv
                0x0000390c       0x5e C:\Users\moseichuk\AppData\Local\Temp\VMBuilds\MeandrSAMD21G18A\arduino_zero_native\Release/core.a(USBCore.cpp.o)
                0x0000390c                DoubleBufferedEPOutHandler::available() const
 *fill*         0x0000396a        0x2 
 .text._ZN26DoubleBufferedEPOutHandler7releaseEv
                0x0000396c       0x58 C:\Users\moseichuk\AppData\Local\Temp\VMBuilds\MeandrSAMD21G18A\arduino_zero_native\Release/core.a(USBCore.cpp.o)
                0x0000396c                DoubleBufferedEPOutHandler::release()
 .text._ZN26DoubleBufferedEPOutHandler4recvEPvm
                0x000039c4      0x11c C:\Users\moseichuk\AppData\Local\Temp\VMBuilds\MeandrSAMD21G18A\arduino_zero_native\Release/core.a(USBCore.cpp.o)
                0x000039c4                DoubleBufferedEPOutHandler::recv(void*, unsigned long)
 .text._ZN26DoubleBufferedEPOutHandler14handleEndpointEv
                0x00003ae0       0xc8 C:\Users\moseichuk\AppData\Local\Temp\VMBuilds\MeandrSAMD21G18A\arduino_zero_native\Release/core.a(USBCore.cpp.o)
                0x00003ae0                DoubleBufferedEPOutHandler::handleEndpoint()
 .text._ZN14USBDeviceClass14SendInterfacesEPm
                0x00003ba8       0x2c C:\Users\moseichuk\AppData\Local\Temp\VMBuilds\MeandrSAMD21G18A\arduino_zero_native\Release/core.a(USBCore.cpp.o)
                0x00003ba8                USBDeviceClass::SendInterfaces(unsigned long*)
 .text._ZN14USBDeviceClass14handleEndpointEh
                0x00003bd4       0x40 C:\Users\moseichuk\AppData\Local\Temp\VMBuilds\MeandrSAMD21G18A\arduino_zero_native\Release/core.a(USBCore.cpp.o)
                0x00003bd4                USBDeviceClass::handleEndpoint(unsigned char)
 .text._ZN14USBDeviceClass4initEv
                0x00003c14       0xf0 C:\Users\moseichuk\AppData\Local\Temp\VMBuilds\MeandrSAMD21G18A\arduino_zero_native\Release/core.a(USBCore.cpp.o)
                0x00003c14                USBDeviceClass::init()
 .text._ZN14USBDeviceClass6attachEv
                0x00003d04       0x34 C:\Users\moseichuk\AppData\Local\Temp\VMBuilds\MeandrSAMD21G18A\arduino_zero_native\Release/core.a(USBCore.cpp.o)
                0x00003d04                USBDeviceClass::attach()
 .text._ZN14USBDeviceClass10setAddressEm
                0x00003d38       0x48 C:\Users\moseichuk\AppData\Local\Temp\VMBuilds\MeandrSAMD21G18A\arduino_zero_native\Release/core.a(USBCore.cpp.o)
                0x00003d38                USBDeviceClass::setAddress(unsigned long)
 .text._ZN14USBDeviceClass25handleClassInterfaceSetupER8USBSetup
                0x00003d80       0x40 C:\Users\moseichuk\AppData\Local\Temp\VMBuilds\MeandrSAMD21G18A\arduino_zero_native\Release/core.a(USBCore.cpp.o)
                0x00003d80                USBDeviceClass::handleClassInterfaceSetup(USBSetup&)
 .text._ZN14USBDeviceClass6initEPEmm
                0x00003dc0       0xf4 C:\Users\moseichuk\AppData\Local\Temp\VMBuilds\MeandrSAMD21G18A\arduino_zero_native\Release/core.a(USBCore.cpp.o)
                0x00003dc0                USBDeviceClass::initEP(unsigned long, unsigned long)
 .text._ZN14USBDeviceClass13initEndpointsEv
                0x00003eb4       0x24 C:\Users\moseichuk\AppData\Local\Temp\VMBuilds\MeandrSAMD21G18A\arduino_zero_native\Release/core.a(USBCore.cpp.o)
                0x00003eb4                USBDeviceClass::initEndpoints()
 .text._ZN14USBDeviceClass9availableEm
                0x00003ed8       0x2c C:\Users\moseichuk\AppData\Local\Temp\VMBuilds\MeandrSAMD21G18A\arduino_zero_native\Release/core.a(USBCore.cpp.o)
                0x00003ed8                USBDeviceClass::available(unsigned long)
 .text._ZN14USBDeviceClass5flushEm
                0x00003f04       0x2c C:\Users\moseichuk\AppData\Local\Temp\VMBuilds\MeandrSAMD21G18A\arduino_zero_native\Release/core.a(USBCore.cpp.o)
                0x00003f04                USBDeviceClass::flush(unsigned long)
 .text._ZN14USBDeviceClass14armRecvCtrlOUTEm
                0x00003f30       0x60 C:\Users\moseichuk\AppData\Local\Temp\VMBuilds\MeandrSAMD21G18A\arduino_zero_native\Release/core.a(USBCore.cpp.o)
                0x00003f30                USBDeviceClass::armRecvCtrlOUT(unsigned long)
 .text._ZN14USBDeviceClass11recvControlEPvm
                0x00003f90       0x3c C:\Users\moseichuk\AppData\Local\Temp\VMBuilds\MeandrSAMD21G18A\arduino_zero_native\Release/core.a(USBCore.cpp.o)
                0x00003f90                USBDeviceClass::recvControl(void*, unsigned long)
 .text._ZN14USBDeviceClass7armRecvEm
                0x00003fcc       0x3c C:\Users\moseichuk\AppData\Local\Temp\VMBuilds\MeandrSAMD21G18A\arduino_zero_native\Release/core.a(USBCore.cpp.o)
                0x00003fcc                USBDeviceClass::armRecv(unsigned long)
 .text._ZN14USBDeviceClass4recvEmPvm
                0x00004008       0xd8 C:\Users\moseichuk\AppData\Local\Temp\VMBuilds\MeandrSAMD21G18A\arduino_zero_native\Release/core.a(USBCore.cpp.o)
                0x00004008                USBDeviceClass::recv(unsigned long, void*, unsigned long)
 .text._ZN14USBDeviceClass4recvEm
                0x000040e0       0x1c C:\Users\moseichuk\AppData\Local\Temp\VMBuilds\MeandrSAMD21G18A\arduino_zero_native\Release/core.a(USBCore.cpp.o)
                0x000040e0                USBDeviceClass::recv(unsigned long)
 .text._ZN14USBDeviceClass4sendEmPKvm
                0x000040fc      0x124 C:\Users\moseichuk\AppData\Local\Temp\VMBuilds\MeandrSAMD21G18A\arduino_zero_native\Release/core.a(USBCore.cpp.o)
                0x000040fc                USBDeviceClass::send(unsigned long, void const*, unsigned long)
 .text._ZN14USBDeviceClass7armSendEmPKvm
                0x00004220       0x48 C:\Users\moseichuk\AppData\Local\Temp\VMBuilds\MeandrSAMD21G18A\arduino_zero_native\Release/core.a(USBCore.cpp.o)
                0x00004220                USBDeviceClass::armSend(unsigned long, void const*, unsigned long)
 .text._ZN14USBDeviceClass11sendControlEPKvm
                0x00004268       0x58 C:\Users\moseichuk\AppData\Local\Temp\VMBuilds\MeandrSAMD21G18A\arduino_zero_native\Release/core.a(USBCore.cpp.o)
                0x00004268                USBDeviceClass::sendControl(void const*, unsigned long)
 .text._ZN14USBDeviceClass20sendStringDescriptorEPKhh
                0x000042c0       0x68 C:\Users\moseichuk\AppData\Local\Temp\VMBuilds\MeandrSAMD21G18A\arduino_zero_native\Release/core.a(USBCore.cpp.o)
                0x000042c0                USBDeviceClass::sendStringDescriptor(unsigned char const*, unsigned char)
 .text._ZN14USBDeviceClass12packMessagesEb.part.6
                0x00004328       0x20 C:\Users\moseichuk\AppData\Local\Temp\VMBuilds\MeandrSAMD21G18A\arduino_zero_native\Release/core.a(USBCore.cpp.o)
 .text._ZN14USBDeviceClass17sendConfigurationEm
                0x00004348       0x90 C:\Users\moseichuk\AppData\Local\Temp\VMBuilds\MeandrSAMD21G18A\arduino_zero_native\Release/core.a(USBCore.cpp.o)
                0x00004348                USBDeviceClass::sendConfiguration(unsigned long)
 .text._ZN14USBDeviceClass14sendDescriptorER8USBSetup
                0x000043d8       0xec C:\Users\moseichuk\AppData\Local\Temp\VMBuilds\MeandrSAMD21G18A\arduino_zero_native\Release/core.a(USBCore.cpp.o)
                0x000043d8                USBDeviceClass::sendDescriptor(USBSetup&)
 .text._ZN14USBDeviceClass19handleStandardSetupER8USBSetup
                0x000044c4      0x118 C:\Users\moseichuk\AppData\Local\Temp\VMBuilds\MeandrSAMD21G18A\arduino_zero_native\Release/core.a(USBCore.cpp.o)
                0x000044c4                USBDeviceClass::handleStandardSetup(USBSetup&)
 .text._ZN14USBDeviceClass10ISRHandlerEv
                0x000045dc      0x150 C:\Users\moseichuk\AppData\Local\Temp\VMBuilds\MeandrSAMD21G18A\arduino_zero_native\Release/core.a(USBCore.cpp.o)
                0x000045dc                USBDeviceClass::ISRHandler()
 .text.UDD_Handler
                0x0000472c       0x10 C:\Users\moseichuk\AppData\Local\Temp\VMBuilds\MeandrSAMD21G18A\arduino_zero_native\Release/core.a(USBCore.cpp.o)
                0x0000472c                UDD_Handler
 .text.startup._GLOBAL__sub_I__ZN20USBDevice_SAMD21G18x5resetEv
                0x0000473c       0x10 C:\Users\moseichuk\AppData\Local\Temp\VMBuilds\MeandrSAMD21G18A\arduino_zero_native\Release/core.a(USBCore.cpp.o)
 .text._ZN13PluggableUSB_12getInterfaceEPh
                0x0000474c       0x2a C:\Users\moseichuk\AppData\Local\Temp\VMBuilds\MeandrSAMD21G18A\arduino_zero_native\Release/core.a(PluggableUSB.cpp.o)
                0x0000474c                PluggableUSB_::getInterface(unsigned char*)
 .text._ZN13PluggableUSB_13getDescriptorER8USBSetup
                0x00004776       0x20 C:\Users\moseichuk\AppData\Local\Temp\VMBuilds\MeandrSAMD21G18A\arduino_zero_native\Release/core.a(PluggableUSB.cpp.o)
                0x00004776                PluggableUSB_::getDescriptor(USBSetup&)
 .text._ZN13PluggableUSB_12getShortNameEPc
                0x00004796       0x1e C:\Users\moseichuk\AppData\Local\Temp\VMBuilds\MeandrSAMD21G18A\arduino_zero_native\Release/core.a(PluggableUSB.cpp.o)
                0x00004796                PluggableUSB_::getShortName(char*)
 .text._ZN13PluggableUSB_5setupER8USBSetup
                0x000047b4       0x24 C:\Users\moseichuk\AppData\Local\Temp\VMBuilds\MeandrSAMD21G18A\arduino_zero_native\Release/core.a(PluggableUSB.cpp.o)
                0x000047b4                PluggableUSB_::setup(USBSetup&)
 .text._Z12PluggableUSBv
                0x000047d8       0x24 C:\Users\moseichuk\AppData\Local\Temp\VMBuilds\MeandrSAMD21G18A\arduino_zero_native\Release/core.a(PluggableUSB.cpp.o)
                0x000047d8                PluggableUSB()
 .text          0x000047fc       0x14 c:/users/moseichuk/appdata/local/arduino15/packages/arduino/tools/arm-none-eabi-gcc/4.8.3-2014q1/bin/../lib/gcc/arm-none-eabi/4.8.3/armv6-m\libgcc.a(_thumb1_case_uqi.o)
                0x000047fc                __gnu_thumb1_case_uqi
 .text          0x00004810       0x9c c:/users/moseichuk/appdata/local/arduino15/packages/arduino/tools/arm-none-eabi-gcc/4.8.3-2014q1/bin/../lib/gcc/arm-none-eabi/4.8.3/armv6-m\libgcc.a(_udivsi3.o)
                0x00004810                __aeabi_uidiv
                0x00004810                __udivsi3
                0x00004898                __aeabi_uidivmod
 .text          0x000048ac       0xc0 c:/users/moseichuk/appdata/local/arduino15/packages/arduino/tools/arm-none-eabi-gcc/4.8.3-2014q1/bin/../lib/gcc/arm-none-eabi/4.8.3/armv6-m\libgcc.a(_divsi3.o)
                0x000048ac                __divsi3
                0x000048ac                __aeabi_idiv
                0x00004958                __aeabi_idivmod
 .text          0x0000496c        0x4 c:/users/moseichuk/appdata/local/arduino15/packages/arduino/tools/arm-none-eabi-gcc/4.8.3-2014q1/bin/../lib/gcc/arm-none-eabi/4.8.3/armv6-m\libgcc.a(_dvmd_tls.o)
                0x0000496c                __aeabi_idiv0
                0x0000496c                __aeabi_ldiv0
 .text.__libc_init_array
                0x00004970       0x4c c:/users/moseichuk/appdata/local/arduino15/packages/arduino/tools/arm-none-eabi-gcc/4.8.3-2014q1/bin/../lib/gcc/arm-none-eabi/4.8.3/../../../../arm-none-eabi/lib/armv6-m\libc_s.a(lib_a-init.o)
                0x00004970                __libc_init_array
 .text.malloc   0x000049bc       0x14 c:/users/moseichuk/appdata/local/arduino15/packages/arduino/tools/arm-none-eabi-gcc/4.8.3-2014q1/bin/../lib/gcc/arm-none-eabi/4.8.3/../../../../arm-none-eabi/lib/armv6-m\libc_s.a(lib_a-malloc.o)
                0x000049bc                malloc
 .text.free     0x000049d0       0x14 c:/users/moseichuk/appdata/local/arduino15/packages/arduino/tools/arm-none-eabi-gcc/4.8.3-2014q1/bin/../lib/gcc/arm-none-eabi/4.8.3/../../../../arm-none-eabi/lib/armv6-m\libc_s.a(lib_a-malloc.o)
                0x000049d0                free
 .text.memcpy   0x000049e4       0x12 c:/users/moseichuk/appdata/local/arduino15/packages/arduino/tools/arm-none-eabi-gcc/4.8.3-2014q1/bin/../lib/gcc/arm-none-eabi/4.8.3/../../../../arm-none-eabi/lib/armv6-m\libc_s.a(lib_a-memcpy-stub.o)
                0x000049e4                memcpy
 .text.memset   0x000049f6       0x10 c:/users/moseichuk/appdata/local/arduino15/packages/arduino/tools/arm-none-eabi-gcc/4.8.3-2014q1/bin/../lib/gcc/arm-none-eabi/4.8.3/../../../../arm-none-eabi/lib/armv6-m\libc_s.a(lib_a-memset.o)
                0x000049f6                memset
 *fill*         0x00004a06        0x2 
 .text._free_r  0x00004a08       0x90 c:/users/moseichuk/appdata/local/arduino15/packages/arduino/tools/arm-none-eabi-gcc/4.8.3-2014q1/bin/../lib/gcc/arm-none-eabi/4.8.3/../../../../arm-none-eabi/lib/armv6-m\libc_s.a(lib_a-nano-freer.o)
                0x00004a08                _free_r
 .text._malloc_r
                0x00004a98       0xa8 c:/users/moseichuk/appdata/local/arduino15/packages/arduino/tools/arm-none-eabi-gcc/4.8.3-2014q1/bin/../lib/gcc/arm-none-eabi/4.8.3/../../../../arm-none-eabi/lib/armv6-m\libc_s.a(lib_a-nano-mallocr.o)
                0x00004a98                _malloc_r
 .text.rand     0x00004b40       0x78 c:/users/moseichuk/appdata/local/arduino15/packages/arduino/tools/arm-none-eabi-gcc/4.8.3-2014q1/bin/../lib/gcc/arm-none-eabi/4.8.3/../../../../arm-none-eabi/lib/armv6-m\libc_s.a(lib_a-rand.o)
                0x00004b40                rand
 .text._sbrk_r  0x00004bb8       0x24 c:/users/moseichuk/appdata/local/arduino15/packages/arduino/tools/arm-none-eabi-gcc/4.8.3-2014q1/bin/../lib/gcc/arm-none-eabi/4.8.3/../../../../arm-none-eabi/lib/armv6-m\libc_s.a(lib_a-sbrkr.o)
                0x00004bb8                _sbrk_r
 .text.strlen   0x00004bdc        0xe c:/users/moseichuk/appdata/local/arduino15/packages/arduino/tools/arm-none-eabi-gcc/4.8.3-2014q1/bin/../lib/gcc/arm-none-eabi/4.8.3/../../../../arm-none-eabi/lib/armv6-m\libc_s.a(lib_a-strlen.o)
                0x00004bdc                strlen
 *fill*         0x00004bea        0x2 
 .text          0x00004bec       0x44 c:/users/moseichuk/appdata/local/arduino15/packages/arduino/tools/arm-none-eabi-gcc/4.8.3-2014q1/bin/../lib/gcc/arm-none-eabi/4.8.3/armv6-m\libgcc.a(_muldi3.o)
                0x00004bec                __muldi3
                0x00004bec                __aeabi_lmul
 .text._sbrk    0x00004c30       0x34 c:/users/moseichuk/appdata/local/arduino15/packages/arduino/tools/arm-none-eabi-gcc/4.8.3-2014q1/bin/../lib/gcc/arm-none-eabi/4.8.3/../../../../arm-none-eabi/lib/armv6-m\libnosys.a(sbrk.o)
                0x00004c30                _sbrk
 *(.init)
 .init          0x00004c64        0x4 c:/users/moseichuk/appdata/local/arduino15/packages/arduino/tools/arm-none-eabi-gcc/4.8.3-2014q1/bin/../lib/gcc/arm-none-eabi/4.8.3/armv6-m/crti.o
                0x00004c64                _init
 .init          0x00004c68        0x8 c:/users/moseichuk/appdata/local/arduino15/packages/arduino/tools/arm-none-eabi-gcc/4.8.3-2014q1/bin/../lib/gcc/arm-none-eabi/4.8.3/armv6-m/crtn.o
 *(.fini)
 .fini          0x00004c70        0x4 c:/users/moseichuk/appdata/local/arduino15/packages/arduino/tools/arm-none-eabi-gcc/4.8.3-2014q1/bin/../lib/gcc/arm-none-eabi/4.8.3/armv6-m/crti.o
                0x00004c70                _fini
 .fini          0x00004c74        0x8 c:/users/moseichuk/appdata/local/arduino15/packages/arduino/tools/arm-none-eabi-gcc/4.8.3-2014q1/bin/../lib/gcc/arm-none-eabi/4.8.3/armv6-m/crtn.o
 *crtbegin.o(.ctors)
 *crtbegin?.o(.ctors)
 *(EXCLUDE_FILE(*crtend.o *crtend?.o) .ctors)
 *(SORT(.ctors.*))
 *(.ctors)
 *crtbegin.o(.dtors)
 *crtbegin?.o(.dtors)
 *(EXCLUDE_FILE(*crtend.o *crtend?.o) .dtors)
 *(SORT(.dtors.*))
 *(.dtors)
 *(.rodata*)
 .rodata        0x00004c7c       0x50 C:\Users\moseichuk\AppData\Local\Temp\VMBuilds\MeandrSAMD21G18A\arduino_zero_native\Release\MeandrSAMD21G18A.cpp.o
 .rodata.str1.1
                0x00004ccc        0x6 C:\Users\moseichuk\AppData\Local\Temp\VMBuilds\MeandrSAMD21G18A\arduino_zero_native\Release\MeandrSAMD21G18A.cpp.o
 *fill*         0x00004cd2        0x2 
 .rodata.g_APinDescription
                0x00004cd4      0x420 C:\Users\moseichuk\AppData\Local\Temp\VMBuilds\MeandrSAMD21G18A\arduino_zero_native\Release\variant\variant.cpp.o
                0x00004cd4                g_APinDescription
 .rodata.str1.1
                0x000050f4        0xf C:\Users\moseichuk\AppData\Local\Temp\VMBuilds\MeandrSAMD21G18A\arduino_zero_native\Release/core.a(Print.cpp.o)
 *fill*         0x00005103        0x5 
 .rodata._ZTV4Uart
                0x00005108       0x38 C:\Users\moseichuk\AppData\Local\Temp\VMBuilds\MeandrSAMD21G18A\arduino_zero_native\Release/core.a(Uart.cpp.o)
                0x00005108                vtable for Uart
 .rodata._ZTV7Serial_
                0x00005140       0x28 C:\Users\moseichuk\AppData\Local\Temp\VMBuilds\MeandrSAMD21G18A\arduino_zero_native\Release/core.a(CDC.cpp.o)
                0x00005140                vtable for Serial_
 .rodata._ZTV26DoubleBufferedEPOutHandler
                0x00005168       0x18 C:\Users\moseichuk\AppData\Local\Temp\VMBuilds\MeandrSAMD21G18A\arduino_zero_native\Release/core.a(USBCore.cpp.o)
                0x00005168                vtable for DoubleBufferedEPOutHandler
 .rodata._ZL19STRING_MANUFACTURER
                0x00005180        0xc C:\Users\moseichuk\AppData\Local\Temp\VMBuilds\MeandrSAMD21G18A\arduino_zero_native\Release/core.a(USBCore.cpp.o)
 .rodata._ZL15STRING_LANGUAGE
                0x0000518c        0x4 C:\Users\moseichuk\AppData\Local\Temp\VMBuilds\MeandrSAMD21G18A\arduino_zero_native\Release/core.a(USBCore.cpp.o)
 .rodata._ZL21USB_DeviceDescriptorB
                0x00005190       0x12 C:\Users\moseichuk\AppData\Local\Temp\VMBuilds\MeandrSAMD21G18A\arduino_zero_native\Release/core.a(USBCore.cpp.o)
 .rodata._ZL14STRING_PRODUCT
                0x000051a2        0xd C:\Users\moseichuk\AppData\Local\Temp\VMBuilds\MeandrSAMD21G18A\arduino_zero_native\Release/core.a(USBCore.cpp.o)
 .rodata.str1.1
                0x000051af        0x2 c:/users/moseichuk/appdata/local/arduino15/packages/arduino/tools/arm-none-eabi-gcc/4.8.3-2014q1/bin/../lib/gcc/arm-none-eabi/4.8.3/../../../../arm-none-eabi/lib/armv6-m\libc_s.a(lib_a-impure.o)
 *(.eh_frame*)
 *fill*         0x000051b1        0x3 
 .eh_frame      0x000051b4        0x0 c:/users/moseichuk/appdata/local/arduino15/packages/arduino/tools/arm-none-eabi-gcc/4.8.3-2014q1/bin/../lib/gcc/arm-none-eabi/4.8.3/armv6-m/crtbegin.o
 .eh_frame      0x000051b4        0x4 c:/users/moseichuk/appdata/local/arduino15/packages/arduino/tools/arm-none-eabi-gcc/4.8.3-2014q1/bin/../lib/gcc/arm-none-eabi/4.8.3/armv6-m/crtend.o

.glue_7         0x000051b8        0x0
 .glue_7        0x00000000        0x0 linker stubs

.glue_7t        0x000051b8        0x0
 .glue_7t       0x00000000        0x0 linker stubs

.vfp11_veneer   0x000051b8        0x0
 .vfp11_veneer  0x00000000        0x0 linker stubs

.v4_bx          0x000051b8        0x0
 .v4_bx         0x00000000        0x0 linker stubs

.iplt           0x000051b8        0x0
 .iplt          0x00000000        0x0 c:/users/moseichuk/appdata/local/arduino15/packages/arduino/tools/arm-none-eabi-gcc/4.8.3-2014q1/bin/../lib/gcc/arm-none-eabi/4.8.3/armv6-m/crtbegin.o

.rel.dyn        0x000051b8        0x0
 .rel.iplt      0x00000000        0x0 c:/users/moseichuk/appdata/local/arduino15/packages/arduino/tools/arm-none-eabi-gcc/4.8.3-2014q1/bin/../lib/gcc/arm-none-eabi/4.8.3/armv6-m/crtbegin.o

.ARM.extab
 *(.ARM.extab* .gnu.linkonce.armextab.*)
                0x000051b8                __exidx_start = .

.ARM.exidx
 *(.ARM.exidx* .gnu.linkonce.armexidx.*)
                0x000051b8                __exidx_end = .
                0x000051b8                __etext = .

.data           0x20000000      0x110 load address 0x000051b8
                0x20000000                __data_start__ = .
 *(vtable)
 *(.data*)
 .data._ZZ4loopE6bFirst
                0x20000000        0x1 C:\Users\moseichuk\AppData\Local\Temp\VMBuilds\MeandrSAMD21G18A\arduino_zero_native\Release\MeandrSAMD21G18A.cpp.o
 *fill*         0x20000001        0x3 
 .data.SIGNAL_PIN_WAIT_AFTER_RAISE
                0x20000004        0x4 C:\Users\moseichuk\AppData\Local\Temp\VMBuilds\MeandrSAMD21G18A\arduino_zero_native\Release\MeandrSAMD21G18A.cpp.o
                0x20000004                SIGNAL_PIN_WAIT_AFTER_RAISE
 .data.SystemCoreClock
                0x20000008        0x4 C:\Users\moseichuk\AppData\Local\Temp\VMBuilds\MeandrSAMD21G18A\arduino_zero_native\Release/core.a(wiring.c.o)
                0x20000008                SystemCoreClock
 .data._ZL5ticks
                0x2000000c        0x4 C:\Users\moseichuk\AppData\Local\Temp\VMBuilds\MeandrSAMD21G18A\arduino_zero_native\Release/core.a(Reset.cpp.o)
 .data._ZL12_usbLineInfo
                0x20000010        0x8 C:\Users\moseichuk\AppData\Local\Temp\VMBuilds\MeandrSAMD21G18A\arduino_zero_native\Release/core.a(CDC.cpp.o)
 .data._ZL10breakValue
                0x20000018        0x4 C:\Users\moseichuk\AppData\Local\Temp\VMBuilds\MeandrSAMD21G18A\arduino_zero_native\Release/core.a(CDC.cpp.o)
 .data._ZL13_cdcInterface
                0x2000001c       0x42 C:\Users\moseichuk\AppData\Local\Temp\VMBuilds\MeandrSAMD21G18A\arduino_zero_native\Release/core.a(CDC.cpp.o)
 *fill*         0x2000005e        0x2 
 .data._serialPeek
                0x20000060        0x4 C:\Users\moseichuk\AppData\Local\Temp\VMBuilds\MeandrSAMD21G18A\arduino_zero_native\Release/core.a(CDC.cpp.o)
                0x20000060                _serialPeek
 .data.EndPoints
                0x20000064       0x28 C:\Users\moseichuk\AppData\Local\Temp\VMBuilds\MeandrSAMD21G18A\arduino_zero_native\Release/core.a(USBCore.cpp.o)
                0x20000064                EndPoints
 .data.impure_data
                0x2000008c       0x60 c:/users/moseichuk/appdata/local/arduino15/packages/arduino/tools/arm-none-eabi-gcc/4.8.3-2014q1/bin/../lib/gcc/arm-none-eabi/4.8.3/../../../../arm-none-eabi/lib/armv6-m\libc_s.a(lib_a-impure.o)
 .data._impure_ptr
                0x200000ec        0x4 c:/users/moseichuk/appdata/local/arduino15/packages/arduino/tools/arm-none-eabi-gcc/4.8.3-2014q1/bin/../lib/gcc/arm-none-eabi/4.8.3/../../../../arm-none-eabi/lib/armv6-m\libc_s.a(lib_a-impure.o)
                0x200000ec                _impure_ptr
                0x200000f0                . = ALIGN (0x4)
                0x200000f0                PROVIDE (__preinit_array_start, .)
 *(.preinit_array)
                0x200000f0                PROVIDE (__preinit_array_end, .)
                0x200000f0                . = ALIGN (0x4)
                0x200000f0                PROVIDE (__init_array_start, .)
 *(SORT(.init_array.*))
 *(.init_array)
 .init_array    0x200000f0        0x4 c:/users/moseichuk/appdata/local/arduino15/packages/arduino/tools/arm-none-eabi-gcc/4.8.3-2014q1/bin/../lib/gcc/arm-none-eabi/4.8.3/armv6-m/crtbegin.o
 .init_array    0x200000f4        0x4 C:\Users\moseichuk\AppData\Local\Temp\VMBuilds\MeandrSAMD21G18A\arduino_zero_native\Release\MeandrSAMD21G18A.cpp.o
 .init_array    0x200000f8        0x4 C:\Users\moseichuk\AppData\Local\Temp\VMBuilds\MeandrSAMD21G18A\arduino_zero_native\Release\variant\variant.cpp.o
 .init_array    0x200000fc        0x4 C:\Users\moseichuk\AppData\Local\Temp\VMBuilds\MeandrSAMD21G18A\arduino_zero_native\Release/core.a(CDC.cpp.o)
 .init_array    0x20000100        0x4 C:\Users\moseichuk\AppData\Local\Temp\VMBuilds\MeandrSAMD21G18A\arduino_zero_native\Release/core.a(USBCore.cpp.o)
                0x20000104                PROVIDE (__init_array_end, .)
                0x20000104                . = ALIGN (0x4)
                0x20000104                PROVIDE (__fini_array_start, .)
 *(SORT(.fini_array.*))
 *(.fini_array)
 .fini_array    0x20000104        0x4 c:/users/moseichuk/appdata/local/arduino15/packages/arduino/tools/arm-none-eabi-gcc/4.8.3-2014q1/bin/../lib/gcc/arm-none-eabi/4.8.3/armv6-m/crtbegin.o
                0x20000108                PROVIDE (__fini_array_end, .)
 *(.jcr*)
 .jcr           0x20000108        0x0 c:/users/moseichuk/appdata/local/arduino15/packages/arduino/tools/arm-none-eabi-gcc/4.8.3-2014q1/bin/../lib/gcc/arm-none-eabi/4.8.3/armv6-m/crtbegin.o
 .jcr           0x20000108        0x4 c:/users/moseichuk/appdata/local/arduino15/packages/arduino/tools/arm-none-eabi-gcc/4.8.3-2014q1/bin/../lib/gcc/arm-none-eabi/4.8.3/armv6-m/crtend.o
                0x20000110                . = ALIGN (0x10)
 *fill*         0x2000010c        0x4 
                0x20000110                __data_end__ = .

.igot.plt       0x20000110        0x0 load address 0x000052c8
 .igot.plt      0x00000000        0x0 c:/users/moseichuk/appdata/local/arduino15/packages/arduino/tools/arm-none-eabi-gcc/4.8.3-2014q1/bin/../lib/gcc/arm-none-eabi/4.8.3/armv6-m/crtbegin.o

.bss            0x20000110      0x840 load address 0x000052c8
                0x20000110                . = ALIGN (0x4)
                0x20000110                __bss_start__ = .
 *(.bss*)
 .bss           0x20000110       0x1c c:/users/moseichuk/appdata/local/arduino15/packages/arduino/tools/arm-none-eabi-gcc/4.8.3-2014q1/bin/../lib/gcc/arm-none-eabi/4.8.3/armv6-m/crtbegin.o
 .bss.state     0x2000012c        0x1 C:\Users\moseichuk\AppData\Local\Temp\VMBuilds\MeandrSAMD21G18A\arduino_zero_native\Release\MeandrSAMD21G18A.cpp.o
                0x2000012c                state
 *fill*         0x2000012d        0x3 
 .bss.pulseSceneLed
                0x20000130       0x14 C:\Users\moseichuk\AppData\Local\Temp\VMBuilds\MeandrSAMD21G18A\arduino_zero_native\Release\MeandrSAMD21G18A.cpp.o
                0x20000130                pulseSceneLed
 .bss.timer     0x20000144        0x4 C:\Users\moseichuk\AppData\Local\Temp\VMBuilds\MeandrSAMD21G18A\arduino_zero_native\Release\MeandrSAMD21G18A.cpp.o
                0x20000144                timer
 .bss.scene1    0x20000148       0x14 C:\Users\moseichuk\AppData\Local\Temp\VMBuilds\MeandrSAMD21G18A\arduino_zero_native\Release\MeandrSAMD21G18A.cpp.o
                0x20000148                scene1
 .bss.scene2    0x2000015c       0x14 C:\Users\moseichuk\AppData\Local\Temp\VMBuilds\MeandrSAMD21G18A\arduino_zero_native\Release\MeandrSAMD21G18A.cpp.o
                0x2000015c                scene2
 .bss.scene3    0x20000170       0x14 C:\Users\moseichuk\AppData\Local\Temp\VMBuilds\MeandrSAMD21G18A\arduino_zero_native\Release\MeandrSAMD21G18A.cpp.o
                0x20000170                scene3
 .bss.pulseScene1
                0x20000184       0x14 C:\Users\moseichuk\AppData\Local\Temp\VMBuilds\MeandrSAMD21G18A\arduino_zero_native\Release\MeandrSAMD21G18A.cpp.o
                0x20000184                pulseScene1
 .bss.pulseScene2
                0x20000198       0x14 C:\Users\moseichuk\AppData\Local\Temp\VMBuilds\MeandrSAMD21G18A\arduino_zero_native\Release\MeandrSAMD21G18A.cpp.o
                0x20000198                pulseScene2
 .bss.pulseScene3
                0x200001ac       0x14 C:\Users\moseichuk\AppData\Local\Temp\VMBuilds\MeandrSAMD21G18A\arduino_zero_native\Release\MeandrSAMD21G18A.cpp.o
                0x200001ac                pulseScene3
 .bss.Serial    0x200001c0       0xbc C:\Users\moseichuk\AppData\Local\Temp\VMBuilds\MeandrSAMD21G18A\arduino_zero_native\Release\variant\variant.cpp.o
                0x200001c0                Serial
 .bss.Serial1   0x2000027c       0xbc C:\Users\moseichuk\AppData\Local\Temp\VMBuilds\MeandrSAMD21G18A\arduino_zero_native\Release\variant\variant.cpp.o
                0x2000027c                Serial1
 .bss.sercom3   0x20000338        0x4 C:\Users\moseichuk\AppData\Local\Temp\VMBuilds\MeandrSAMD21G18A\arduino_zero_native\Release\variant\variant.cpp.o
                0x20000338                sercom3
 .bss.sercom0   0x2000033c        0x4 C:\Users\moseichuk\AppData\Local\Temp\VMBuilds\MeandrSAMD21G18A\arduino_zero_native\Release\variant\variant.cpp.o
                0x2000033c                sercom0
 .bss.sercom1   0x20000340        0x4 C:\Users\moseichuk\AppData\Local\Temp\VMBuilds\MeandrSAMD21G18A\arduino_zero_native\Release\variant\variant.cpp.o
                0x20000340                sercom1
 .bss.sercom2   0x20000344        0x4 C:\Users\moseichuk\AppData\Local\Temp\VMBuilds\MeandrSAMD21G18A\arduino_zero_native\Release\variant\variant.cpp.o
                0x20000344                sercom2
 .bss.sercom4   0x20000348        0x4 C:\Users\moseichuk\AppData\Local\Temp\VMBuilds\MeandrSAMD21G18A\arduino_zero_native\Release\variant\variant.cpp.o
                0x20000348                sercom4
 .bss.sercom5   0x2000034c        0x4 C:\Users\moseichuk\AppData\Local\Temp\VMBuilds\MeandrSAMD21G18A\arduino_zero_native\Release\variant\variant.cpp.o
                0x2000034c                sercom5
 .bss.usb_isr   0x20000350        0x4 C:\Users\moseichuk\AppData\Local\Temp\VMBuilds\MeandrSAMD21G18A\arduino_zero_native\Release/core.a(cortex_handlers.c.o)
 .bss._ulTickCount
                0x20000354        0x4 C:\Users\moseichuk\AppData\Local\Temp\VMBuilds\MeandrSAMD21G18A\arduino_zero_native\Release/core.a(delay.c.o)
 .bss.SerialUSB
                0x20000358       0x1c C:\Users\moseichuk\AppData\Local\Temp\VMBuilds\MeandrSAMD21G18A\arduino_zero_native\Release/core.a(CDC.cpp.o)
                0x20000358                SerialUSB
 .bss._ZL14isEndpointHalt
                0x20000374        0x1 C:\Users\moseichuk\AppData\Local\Temp\VMBuilds\MeandrSAMD21G18A\arduino_zero_native\Release/core.a(USBCore.cpp.o)
 .bss._pack_buffer
                0x20000375      0x100 C:\Users\moseichuk\AppData\Local\Temp\VMBuilds\MeandrSAMD21G18A\arduino_zero_native\Release/core.a(USBCore.cpp.o)
                0x20000375                _pack_buffer
 *fill*         0x20000475        0x1 
 .bss._pack_size
                0x20000476        0x2 C:\Users\moseichuk\AppData\Local\Temp\VMBuilds\MeandrSAMD21G18A\arduino_zero_native\Release/core.a(USBCore.cpp.o)
                0x20000476                _pack_size
 .bss._ZL20LastTransmitTimedOut
                0x20000478        0x7 C:\Users\moseichuk\AppData\Local\Temp\VMBuilds\MeandrSAMD21G18A\arduino_zero_native\Release/core.a(USBCore.cpp.o)
 *fill*         0x2000047f        0x1 
 .bss._ZL22udd_ep_in_cache_buffer
                0x20000480      0x1c0 C:\Users\moseichuk\AppData\Local\Temp\VMBuilds\MeandrSAMD21G18A\arduino_zero_native\Release/core.a(USBCore.cpp.o)
 .bss._ZL10txLEDPulse
                0x20000640        0x1 C:\Users\moseichuk\AppData\Local\Temp\VMBuilds\MeandrSAMD21G18A\arduino_zero_native\Release/core.a(USBCore.cpp.o)
 *fill*         0x20000641        0x3 
 .bss._ZL23udd_ep_out_cache_buffer
                0x20000644      0x1c0 C:\Users\moseichuk\AppData\Local\Temp\VMBuilds\MeandrSAMD21G18A\arduino_zero_native\Release/core.a(USBCore.cpp.o)
 .bss._ZL10epHandlers
                0x20000804       0x1c C:\Users\moseichuk\AppData\Local\Temp\VMBuilds\MeandrSAMD21G18A\arduino_zero_native\Release/core.a(USBCore.cpp.o)
 .bss._pack_message
                0x20000820        0x1 C:\Users\moseichuk\AppData\Local\Temp\VMBuilds\MeandrSAMD21G18A\arduino_zero_native\Release/core.a(USBCore.cpp.o)
                0x20000820                _pack_message
 .bss._ZL21isRemoteWakeUpEnabled
                0x20000821        0x1 C:\Users\moseichuk\AppData\Local\Temp\VMBuilds\MeandrSAMD21G18A\arduino_zero_native\Release/core.a(USBCore.cpp.o)
 .bss._dry_run  0x20000822        0x1 C:\Users\moseichuk\AppData\Local\Temp\VMBuilds\MeandrSAMD21G18A\arduino_zero_native\Release/core.a(USBCore.cpp.o)
                0x20000822                _dry_run
 .bss.USBDevice
                0x20000823        0x1 C:\Users\moseichuk\AppData\Local\Temp\VMBuilds\MeandrSAMD21G18A\arduino_zero_native\Release/core.a(USBCore.cpp.o)
                0x20000823                USBDevice
 .bss._usbSetInterface
                0x20000824        0x4 C:\Users\moseichuk\AppData\Local\Temp\VMBuilds\MeandrSAMD21G18A\arduino_zero_native\Release/core.a(USBCore.cpp.o)
                0x20000824                _usbSetInterface
 .bss._ZL10rxLEDPulse
                0x20000828        0x1 C:\Users\moseichuk\AppData\Local\Temp\VMBuilds\MeandrSAMD21G18A\arduino_zero_native\Release/core.a(USBCore.cpp.o)
 *fill*         0x20000829        0x3 
 .bss.usbd      0x2000082c      0x104 C:\Users\moseichuk\AppData\Local\Temp\VMBuilds\MeandrSAMD21G18A\arduino_zero_native\Release/core.a(USBCore.cpp.o)
                0x2000082c                usbd
 .bss._usbConfiguration
                0x20000930        0x4 C:\Users\moseichuk\AppData\Local\Temp\VMBuilds\MeandrSAMD21G18A\arduino_zero_native\Release/core.a(USBCore.cpp.o)
                0x20000930                _usbConfiguration
 .bss._ZZ12PluggableUSBvE3obj
                0x20000934        0x8 C:\Users\moseichuk\AppData\Local\Temp\VMBuilds\MeandrSAMD21G18A\arduino_zero_native\Release/core.a(PluggableUSB.cpp.o)
 .bss._ZGVZ12PluggableUSBvE3obj
                0x2000093c        0x4 C:\Users\moseichuk\AppData\Local\Temp\VMBuilds\MeandrSAMD21G18A\arduino_zero_native\Release/core.a(PluggableUSB.cpp.o)
 .bss.__malloc_sbrk_start
                0x20000940        0x4 c:/users/moseichuk/appdata/local/arduino15/packages/arduino/tools/arm-none-eabi-gcc/4.8.3-2014q1/bin/../lib/gcc/arm-none-eabi/4.8.3/../../../../arm-none-eabi/lib/armv6-m\libc_s.a(lib_a-nano-mallocr.o)
                0x20000940                __malloc_sbrk_start
 .bss.__malloc_free_list
                0x20000944        0x4 c:/users/moseichuk/appdata/local/arduino15/packages/arduino/tools/arm-none-eabi-gcc/4.8.3-2014q1/bin/../lib/gcc/arm-none-eabi/4.8.3/../../../../arm-none-eabi/lib/armv6-m\libc_s.a(lib_a-nano-mallocr.o)
                0x20000944                __malloc_free_list
 .bss.heap_end.4243
                0x20000948        0x4 c:/users/moseichuk/appdata/local/arduino15/packages/arduino/tools/arm-none-eabi-gcc/4.8.3-2014q1/bin/../lib/gcc/arm-none-eabi/4.8.3/../../../../arm-none-eabi/lib/armv6-m\libnosys.a(sbrk.o)
 *(COMMON)
 COMMON         0x2000094c        0x4 c:/users/moseichuk/appdata/local/arduino15/packages/arduino/tools/arm-none-eabi-gcc/4.8.3-2014q1/bin/../lib/gcc/arm-none-eabi/4.8.3/../../../../arm-none-eabi/lib/armv6-m\libc_s.a(lib_a-reent.o)
                0x2000094c                errno
                0x20000950                . = ALIGN (0x4)
                0x20000950                __bss_end__ = .

.heap           0x20000950        0x0
                0x20000950                __end__ = .
                0x20000950                PROVIDE (end, .)
 *(.heap*)
                0x20000950                __HeapLimit = .

.stack_dummy    0x20000950        0x0
 *(.stack*)
                0x20008000                __StackTop = (ORIGIN (RAM) + 0x8000)
                0x20008000                __StackLimit = (__StackTop - SIZEOF (.stack_dummy))
                0x20008000                PROVIDE (__stack, __StackTop)
                0x20007fff                __ram_end__ = ((ORIGIN (RAM) + 0x8000) - 0x1)
                0x00000001                ASSERT ((__StackLimit >= __HeapLimit), region RAM overflowed with stack)
OUTPUT(C:\Users\moseichuk\AppData\Local\Temp\VMBuilds\MeandrSAMD21G18A\arduino_zero_native\Release/MeandrSAMD21G18A.ino.elf elf32-littlearm)

.ARM.attributes
                0x00000000       0x28
 .ARM.attributes
                0x00000000       0x1e c:/users/moseichuk/appdata/local/arduino15/packages/arduino/tools/arm-none-eabi-gcc/4.8.3-2014q1/bin/../lib/gcc/arm-none-eabi/4.8.3/armv6-m/crti.o
 .ARM.attributes
                0x0000001e       0x2c c:/users/moseichuk/appdata/local/arduino15/packages/arduino/tools/arm-none-eabi-gcc/4.8.3-2014q1/bin/../lib/gcc/arm-none-eabi/4.8.3/armv6-m/crtbegin.o
 .ARM.attributes
                0x0000004a       0x32 C:\Users\moseichuk\AppData\Local\Temp\VMBuilds\MeandrSAMD21G18A\arduino_zero_native\Release\MeandrSAMD21G18A.cpp.o
 .ARM.attributes
                0x0000007c       0x32 C:\Users\moseichuk\AppData\Local\Temp\VMBuilds\MeandrSAMD21G18A\arduino_zero_native\Release\CorePinScenario.cpp.o
 .ARM.attributes
                0x000000ae       0x32 C:\Users\moseichuk\AppData\Local\Temp\VMBuilds\MeandrSAMD21G18A\arduino_zero_native\Release\variant\variant.cpp.o
 .ARM.attributes
                0x000000e0       0x32 C:\Users\moseichuk\AppData\Local\Temp\VMBuilds\MeandrSAMD21G18A\arduino_zero_native\Release/core.a(cortex_handlers.c.o)
 .ARM.attributes
                0x00000112       0x32 C:\Users\moseichuk\AppData\Local\Temp\VMBuilds\MeandrSAMD21G18A\arduino_zero_native\Release/core.a(delay.c.o)
 .ARM.attributes
                0x00000144       0x32 C:\Users\moseichuk\AppData\Local\Temp\VMBuilds\MeandrSAMD21G18A\arduino_zero_native\Release/core.a(hooks.c.o)
 .ARM.attributes
                0x00000176       0x32 C:\Users\moseichuk\AppData\Local\Temp\VMBuilds\MeandrSAMD21G18A\arduino_zero_native\Release/core.a(startup.c.o)
 .ARM.attributes
                0x000001a8       0x32 C:\Users\moseichuk\AppData\Local\Temp\VMBuilds\MeandrSAMD21G18A\arduino_zero_native\Release/core.a(wiring.c.o)
 .ARM.attributes
                0x000001da       0x32 C:\Users\moseichuk\AppData\Local\Temp\VMBuilds\MeandrSAMD21G18A\arduino_zero_native\Release/core.a(wiring_analog.c.o)
 .ARM.attributes
                0x0000020c       0x32 C:\Users\moseichuk\AppData\Local\Temp\VMBuilds\MeandrSAMD21G18A\arduino_zero_native\Release/core.a(wiring_digital.c.o)
 .ARM.attributes
                0x0000023e       0x32 C:\Users\moseichuk\AppData\Local\Temp\VMBuilds\MeandrSAMD21G18A\arduino_zero_native\Release/core.a(wiring_private.c.o)
 .ARM.attributes
                0x00000270       0x32 C:\Users\moseichuk\AppData\Local\Temp\VMBuilds\MeandrSAMD21G18A\arduino_zero_native\Release/core.a(main.cpp.o)
 .ARM.attributes
                0x000002a2       0x32 C:\Users\moseichuk\AppData\Local\Temp\VMBuilds\MeandrSAMD21G18A\arduino_zero_native\Release/core.a(new.cpp.o)
 .ARM.attributes
                0x000002d4       0x32 C:\Users\moseichuk\AppData\Local\Temp\VMBuilds\MeandrSAMD21G18A\arduino_zero_native\Release/core.a(Print.cpp.o)
 .ARM.attributes
                0x00000306       0x32 C:\Users\moseichuk\AppData\Local\Temp\VMBuilds\MeandrSAMD21G18A\arduino_zero_native\Release/core.a(Reset.cpp.o)
 .ARM.attributes
                0x00000338       0x32 C:\Users\moseichuk\AppData\Local\Temp\VMBuilds\MeandrSAMD21G18A\arduino_zero_native\Release/core.a(SERCOM.cpp.o)
 .ARM.attributes
                0x0000036a       0x32 C:\Users\moseichuk\AppData\Local\Temp\VMBuilds\MeandrSAMD21G18A\arduino_zero_native\Release/core.a(Uart.cpp.o)
 .ARM.attributes
                0x0000039c       0x32 C:\Users\moseichuk\AppData\Local\Temp\VMBuilds\MeandrSAMD21G18A\arduino_zero_native\Release/core.a(WMath.cpp.o)
 .ARM.attributes
                0x000003ce       0x32 C:\Users\moseichuk\AppData\Local\Temp\VMBuilds\MeandrSAMD21G18A\arduino_zero_native\Release/core.a(CDC.cpp.o)
 .ARM.attributes
                0x00000400       0x32 C:\Users\moseichuk\AppData\Local\Temp\VMBuilds\MeandrSAMD21G18A\arduino_zero_native\Release/core.a(USBCore.cpp.o)
 .ARM.attributes
                0x00000432       0x32 C:\Users\moseichuk\AppData\Local\Temp\VMBuilds\MeandrSAMD21G18A\arduino_zero_native\Release/core.a(PluggableUSB.cpp.o)
 .ARM.attributes
                0x00000464       0x1e c:/users/moseichuk/appdata/local/arduino15/packages/arduino/tools/arm-none-eabi-gcc/4.8.3-2014q1/bin/../lib/gcc/arm-none-eabi/4.8.3/armv6-m\libgcc.a(_thumb1_case_uqi.o)
 .ARM.attributes
                0x00000482       0x1e c:/users/moseichuk/appdata/local/arduino15/packages/arduino/tools/arm-none-eabi-gcc/4.8.3-2014q1/bin/../lib/gcc/arm-none-eabi/4.8.3/armv6-m\libgcc.a(_udivsi3.o)
 .ARM.attributes
                0x000004a0       0x1e c:/users/moseichuk/appdata/local/arduino15/packages/arduino/tools/arm-none-eabi-gcc/4.8.3-2014q1/bin/../lib/gcc/arm-none-eabi/4.8.3/armv6-m\libgcc.a(_divsi3.o)
 .ARM.attributes
                0x000004be       0x1e c:/users/moseichuk/appdata/local/arduino15/packages/arduino/tools/arm-none-eabi-gcc/4.8.3-2014q1/bin/../lib/gcc/arm-none-eabi/4.8.3/armv6-m\libgcc.a(_dvmd_tls.o)
 .ARM.attributes
                0x000004dc       0x2c c:/users/moseichuk/appdata/local/arduino15/packages/arduino/tools/arm-none-eabi-gcc/4.8.3-2014q1/bin/../lib/gcc/arm-none-eabi/4.8.3/../../../../arm-none-eabi/lib/armv6-m\libc_s.a(lib_a-impure.o)
 .ARM.attributes
                0x00000508       0x2c c:/users/moseichuk/appdata/local/arduino15/packages/arduino/tools/arm-none-eabi-gcc/4.8.3-2014q1/bin/../lib/gcc/arm-none-eabi/4.8.3/../../../../arm-none-eabi/lib/armv6-m\libc_s.a(lib_a-init.o)
 .ARM.attributes
                0x00000534       0x2c c:/users/moseichuk/appdata/local/arduino15/packages/arduino/tools/arm-none-eabi-gcc/4.8.3-2014q1/bin/../lib/gcc/arm-none-eabi/4.8.3/../../../../arm-none-eabi/lib/armv6-m\libc_s.a(lib_a-malloc.o)
 .ARM.attributes
                0x00000560       0x2c c:/users/moseichuk/appdata/local/arduino15/packages/arduino/tools/arm-none-eabi-gcc/4.8.3-2014q1/bin/../lib/gcc/arm-none-eabi/4.8.3/../../../../arm-none-eabi/lib/armv6-m\libc_s.a(lib_a-memcpy-stub.o)
 .ARM.attributes
                0x0000058c       0x2c c:/users/moseichuk/appdata/local/arduino15/packages/arduino/tools/arm-none-eabi-gcc/4.8.3-2014q1/bin/../lib/gcc/arm-none-eabi/4.8.3/../../../../arm-none-eabi/lib/armv6-m\libc_s.a(lib_a-memset.o)
 .ARM.attributes
                0x000005b8       0x2c c:/users/moseichuk/appdata/local/arduino15/packages/arduino/tools/arm-none-eabi-gcc/4.8.3-2014q1/bin/../lib/gcc/arm-none-eabi/4.8.3/../../../../arm-none-eabi/lib/armv6-m\libc_s.a(lib_a-nano-freer.o)
 .ARM.attributes
                0x000005e4       0x2c c:/users/moseichuk/appdata/local/arduino15/packages/arduino/tools/arm-none-eabi-gcc/4.8.3-2014q1/bin/../lib/gcc/arm-none-eabi/4.8.3/../../../../arm-none-eabi/lib/armv6-m\libc_s.a(lib_a-nano-mallocr.o)
 .ARM.attributes
                0x00000610       0x2c c:/users/moseichuk/appdata/local/arduino15/packages/arduino/tools/arm-none-eabi-gcc/4.8.3-2014q1/bin/../lib/gcc/arm-none-eabi/4.8.3/../../../../arm-none-eabi/lib/armv6-m\libc_s.a(lib_a-rand.o)
 .ARM.attributes
                0x0000063c       0x2c c:/users/moseichuk/appdata/local/arduino15/packages/arduino/tools/arm-none-eabi-gcc/4.8.3-2014q1/bin/../lib/gcc/arm-none-eabi/4.8.3/../../../../arm-none-eabi/lib/armv6-m\libc_s.a(lib_a-sbrkr.o)
 .ARM.attributes
                0x00000668       0x2c c:/users/moseichuk/appdata/local/arduino15/packages/arduino/tools/arm-none-eabi-gcc/4.8.3-2014q1/bin/../lib/gcc/arm-none-eabi/4.8.3/../../../../arm-none-eabi/lib/armv6-m\libc_s.a(lib_a-strlen.o)
 .ARM.attributes
                0x00000694       0x2c c:/users/moseichuk/appdata/local/arduino15/packages/arduino/tools/arm-none-eabi-gcc/4.8.3-2014q1/bin/../lib/gcc/arm-none-eabi/4.8.3/../../../../arm-none-eabi/lib/armv6-m\libc_s.a(lib_a-reent.o)
 .ARM.attributes
                0x000006c0       0x2c c:/users/moseichuk/appdata/local/arduino15/packages/arduino/tools/arm-none-eabi-gcc/4.8.3-2014q1/bin/../lib/gcc/arm-none-eabi/4.8.3/armv6-m\libgcc.a(_muldi3.o)
 .ARM.attributes
                0x000006ec       0x2c c:/users/moseichuk/appdata/local/arduino15/packages/arduino/tools/arm-none-eabi-gcc/4.8.3-2014q1/bin/../lib/gcc/arm-none-eabi/4.8.3/../../../../arm-none-eabi/lib/armv6-m\libnosys.a(sbrk.o)
 .ARM.attributes
                0x00000718       0x2c c:/users/moseichuk/appdata/local/arduino15/packages/arduino/tools/arm-none-eabi-gcc/4.8.3-2014q1/bin/../lib/gcc/arm-none-eabi/4.8.3/armv6-m/crtend.o
 .ARM.attributes
                0x00000744       0x1e c:/users/moseichuk/appdata/local/arduino15/packages/arduino/tools/arm-none-eabi-gcc/4.8.3-2014q1/bin/../lib/gcc/arm-none-eabi/4.8.3/armv6-m/crtn.o

.comment        0x00000000       0x70
 .comment       0x00000000       0x70 C:\Users\moseichuk\AppData\Local\Temp\VMBuilds\MeandrSAMD21G18A\arduino_zero_native\Release\MeandrSAMD21G18A.cpp.o
                                 0x71 (size before relaxing)
 .comment       0x00000000       0x71 C:\Users\moseichuk\AppData\Local\Temp\VMBuilds\MeandrSAMD21G18A\arduino_zero_native\Release\CorePinScenario.cpp.o
 .comment       0x00000000       0x71 C:\Users\moseichuk\AppData\Local\Temp\VMBuilds\MeandrSAMD21G18A\arduino_zero_native\Release\variant\variant.cpp.o
 .comment       0x00000000       0x71 C:\Users\moseichuk\AppData\Local\Temp\VMBuilds\MeandrSAMD21G18A\arduino_zero_native\Release/core.a(cortex_handlers.c.o)
 .comment       0x00000000       0x71 C:\Users\moseichuk\AppData\Local\Temp\VMBuilds\MeandrSAMD21G18A\arduino_zero_native\Release/core.a(delay.c.o)
 .comment       0x00000000       0x71 C:\Users\moseichuk\AppData\Local\Temp\VMBuilds\MeandrSAMD21G18A\arduino_zero_native\Release/core.a(hooks.c.o)
 .comment       0x00000000       0x71 C:\Users\moseichuk\AppData\Local\Temp\VMBuilds\MeandrSAMD21G18A\arduino_zero_native\Release/core.a(startup.c.o)
 .comment       0x00000000       0x71 C:\Users\moseichuk\AppData\Local\Temp\VMBuilds\MeandrSAMD21G18A\arduino_zero_native\Release/core.a(wiring.c.o)
 .comment       0x00000000       0x71 C:\Users\moseichuk\AppData\Local\Temp\VMBuilds\MeandrSAMD21G18A\arduino_zero_native\Release/core.a(wiring_analog.c.o)
 .comment       0x00000000       0x71 C:\Users\moseichuk\AppData\Local\Temp\VMBuilds\MeandrSAMD21G18A\arduino_zero_native\Release/core.a(wiring_digital.c.o)
 .comment       0x00000000       0x71 C:\Users\moseichuk\AppData\Local\Temp\VMBuilds\MeandrSAMD21G18A\arduino_zero_native\Release/core.a(wiring_private.c.o)
 .comment       0x00000000       0x71 C:\Users\moseichuk\AppData\Local\Temp\VMBuilds\MeandrSAMD21G18A\arduino_zero_native\Release/core.a(main.cpp.o)
 .comment       0x00000000       0x71 C:\Users\moseichuk\AppData\Local\Temp\VMBuilds\MeandrSAMD21G18A\arduino_zero_native\Release/core.a(new.cpp.o)
 .comment       0x00000000       0x71 C:\Users\moseichuk\AppData\Local\Temp\VMBuilds\MeandrSAMD21G18A\arduino_zero_native\Release/core.a(Print.cpp.o)
 .comment       0x00000000       0x71 C:\Users\moseichuk\AppData\Local\Temp\VMBuilds\MeandrSAMD21G18A\arduino_zero_native\Release/core.a(Reset.cpp.o)
 .comment       0x00000000       0x71 C:\Users\moseichuk\AppData\Local\Temp\VMBuilds\MeandrSAMD21G18A\arduino_zero_native\Release/core.a(SERCOM.cpp.o)
 .comment       0x00000000       0x71 C:\Users\moseichuk\AppData\Local\Temp\VMBuilds\MeandrSAMD21G18A\arduino_zero_native\Release/core.a(Uart.cpp.o)
 .comment       0x00000000       0x71 C:\Users\moseichuk\AppData\Local\Temp\VMBuilds\MeandrSAMD21G18A\arduino_zero_native\Release/core.a(WMath.cpp.o)
 .comment       0x00000000       0x71 C:\Users\moseichuk\AppData\Local\Temp\VMBuilds\MeandrSAMD21G18A\arduino_zero_native\Release/core.a(CDC.cpp.o)
 .comment       0x00000000       0x71 C:\Users\moseichuk\AppData\Local\Temp\VMBuilds\MeandrSAMD21G18A\arduino_zero_native\Release/core.a(USBCore.cpp.o)
 .comment       0x00000000       0x71 C:\Users\moseichuk\AppData\Local\Temp\VMBuilds\MeandrSAMD21G18A\arduino_zero_native\Release/core.a(PluggableUSB.cpp.o)

.debug_info     0x00000000    0x295b9
 .debug_info    0x00000000      0xdf2 C:\Users\moseichuk\AppData\Local\Temp\VMBuilds\MeandrSAMD21G18A\arduino_zero_native\Release\MeandrSAMD21G18A.cpp.o
 .debug_info    0x00000df2      0x9f2 C:\Users\moseichuk\AppData\Local\Temp\VMBuilds\MeandrSAMD21G18A\arduino_zero_native\Release\CorePinScenario.cpp.o
 .debug_info    0x000017e4     0x551c C:\Users\moseichuk\AppData\Local\Temp\VMBuilds\MeandrSAMD21G18A\arduino_zero_native\Release\variant\variant.cpp.o
 .debug_info    0x00006d00      0x4d6 C:\Users\moseichuk\AppData\Local\Temp\VMBuilds\MeandrSAMD21G18A\arduino_zero_native\Release/core.a(cortex_handlers.c.o)
 .debug_info    0x000071d6      0x362 C:\Users\moseichuk\AppData\Local\Temp\VMBuilds\MeandrSAMD21G18A\arduino_zero_native\Release/core.a(delay.c.o)
 .debug_info    0x00007538       0x60 C:\Users\moseichuk\AppData\Local\Temp\VMBuilds\MeandrSAMD21G18A\arduino_zero_native\Release/core.a(hooks.c.o)
 .debug_info    0x00007598     0x28ff C:\Users\moseichuk\AppData\Local\Temp\VMBuilds\MeandrSAMD21G18A\arduino_zero_native\Release/core.a(startup.c.o)
 .debug_info    0x00009e97     0x1ddc C:\Users\moseichuk\AppData\Local\Temp\VMBuilds\MeandrSAMD21G18A\arduino_zero_native\Release/core.a(wiring.c.o)
 .debug_info    0x0000bc73     0x435b C:\Users\moseichuk\AppData\Local\Temp\VMBuilds\MeandrSAMD21G18A\arduino_zero_native\Release/core.a(wiring_analog.c.o)
 .debug_info    0x0000ffce      0xb8f C:\Users\moseichuk\AppData\Local\Temp\VMBuilds\MeandrSAMD21G18A\arduino_zero_native\Release/core.a(wiring_digital.c.o)
 .debug_info    0x00010b5d      0xb78 C:\Users\moseichuk\AppData\Local\Temp\VMBuilds\MeandrSAMD21G18A\arduino_zero_native\Release/core.a(wiring_private.c.o)
 .debug_info    0x000116d5      0x7c2 C:\Users\moseichuk\AppData\Local\Temp\VMBuilds\MeandrSAMD21G18A\arduino_zero_native\Release/core.a(main.cpp.o)
 .debug_info    0x00011e97      0x1a1 C:\Users\moseichuk\AppData\Local\Temp\VMBuilds\MeandrSAMD21G18A\arduino_zero_native\Release/core.a(new.cpp.o)
 .debug_info    0x00012038     0x2758 C:\Users\moseichuk\AppData\Local\Temp\VMBuilds\MeandrSAMD21G18A\arduino_zero_native\Release/core.a(Print.cpp.o)
 .debug_info    0x00014790      0x846 C:\Users\moseichuk\AppData\Local\Temp\VMBuilds\MeandrSAMD21G18A\arduino_zero_native\Release/core.a(Reset.cpp.o)
 .debug_info    0x00014fd6     0x3a9b C:\Users\moseichuk\AppData\Local\Temp\VMBuilds\MeandrSAMD21G18A\arduino_zero_native\Release/core.a(SERCOM.cpp.o)
 .debug_info    0x00018a71     0x58a9 C:\Users\moseichuk\AppData\Local\Temp\VMBuilds\MeandrSAMD21G18A\arduino_zero_native\Release/core.a(Uart.cpp.o)
 .debug_info    0x0001e31a      0x27e C:\Users\moseichuk\AppData\Local\Temp\VMBuilds\MeandrSAMD21G18A\arduino_zero_native\Release/core.a(WMath.cpp.o)
 .debug_info    0x0001e598     0x2ca3 C:\Users\moseichuk\AppData\Local\Temp\VMBuilds\MeandrSAMD21G18A\arduino_zero_native\Release/core.a(CDC.cpp.o)
 .debug_info    0x0002123b     0x7c8e C:\Users\moseichuk\AppData\Local\Temp\VMBuilds\MeandrSAMD21G18A\arduino_zero_native\Release/core.a(USBCore.cpp.o)
 .debug_info    0x00028ec9      0x6f0 C:\Users\moseichuk\AppData\Local\Temp\VMBuilds\MeandrSAMD21G18A\arduino_zero_native\Release/core.a(PluggableUSB.cpp.o)

.debug_abbrev   0x00000000     0x406c
 .debug_abbrev  0x00000000      0x32a C:\Users\moseichuk\AppData\Local\Temp\VMBuilds\MeandrSAMD21G18A\arduino_zero_native\Release\MeandrSAMD21G18A.cpp.o
 .debug_abbrev  0x0000032a      0x32a C:\Users\moseichuk\AppData\Local\Temp\VMBuilds\MeandrSAMD21G18A\arduino_zero_native\Release\CorePinScenario.cpp.o
 .debug_abbrev  0x00000654      0x32b C:\Users\moseichuk\AppData\Local\Temp\VMBuilds\MeandrSAMD21G18A\arduino_zero_native\Release\variant\variant.cpp.o
 .debug_abbrev  0x0000097f      0x159 C:\Users\moseichuk\AppData\Local\Temp\VMBuilds\MeandrSAMD21G18A\arduino_zero_native\Release/core.a(cortex_handlers.c.o)
 .debug_abbrev  0x00000ad8      0x158 C:\Users\moseichuk\AppData\Local\Temp\VMBuilds\MeandrSAMD21G18A\arduino_zero_native\Release/core.a(delay.c.o)
 .debug_abbrev  0x00000c30       0x47 C:\Users\moseichuk\AppData\Local\Temp\VMBuilds\MeandrSAMD21G18A\arduino_zero_native\Release/core.a(hooks.c.o)
 .debug_abbrev  0x00000c77      0x17a C:\Users\moseichuk\AppData\Local\Temp\VMBuilds\MeandrSAMD21G18A\arduino_zero_native\Release/core.a(startup.c.o)
 .debug_abbrev  0x00000df1      0x281 C:\Users\moseichuk\AppData\Local\Temp\VMBuilds\MeandrSAMD21G18A\arduino_zero_native\Release/core.a(wiring.c.o)
 .debug_abbrev  0x00001072      0x38f C:\Users\moseichuk\AppData\Local\Temp\VMBuilds\MeandrSAMD21G18A\arduino_zero_native\Release/core.a(wiring_analog.c.o)
 .debug_abbrev  0x00001401      0x201 C:\Users\moseichuk\AppData\Local\Temp\VMBuilds\MeandrSAMD21G18A\arduino_zero_native\Release/core.a(wiring_digital.c.o)
 .debug_abbrev  0x00001602      0x21b C:\Users\moseichuk\AppData\Local\Temp\VMBuilds\MeandrSAMD21G18A\arduino_zero_native\Release/core.a(wiring_private.c.o)
 .debug_abbrev  0x0000181d      0x216 C:\Users\moseichuk\AppData\Local\Temp\VMBuilds\MeandrSAMD21G18A\arduino_zero_native\Release/core.a(main.cpp.o)
 .debug_abbrev  0x00001a33       0xd7 C:\Users\moseichuk\AppData\Local\Temp\VMBuilds\MeandrSAMD21G18A\arduino_zero_native\Release/core.a(new.cpp.o)
 .debug_abbrev  0x00001b0a      0x487 C:\Users\moseichuk\AppData\Local\Temp\VMBuilds\MeandrSAMD21G18A\arduino_zero_native\Release/core.a(Print.cpp.o)
 .debug_abbrev  0x00001f91      0x264 C:\Users\moseichuk\AppData\Local\Temp\VMBuilds\MeandrSAMD21G18A\arduino_zero_native\Release/core.a(Reset.cpp.o)
 .debug_abbrev  0x000021f5      0x48d C:\Users\moseichuk\AppData\Local\Temp\VMBuilds\MeandrSAMD21G18A\arduino_zero_native\Release/core.a(SERCOM.cpp.o)
 .debug_abbrev  0x00002682      0x65e C:\Users\moseichuk\AppData\Local\Temp\VMBuilds\MeandrSAMD21G18A\arduino_zero_native\Release/core.a(Uart.cpp.o)
 .debug_abbrev  0x00002ce0      0x149 C:\Users\moseichuk\AppData\Local\Temp\VMBuilds\MeandrSAMD21G18A\arduino_zero_native\Release/core.a(WMath.cpp.o)
 .debug_abbrev  0x00002e29      0x659 C:\Users\moseichuk\AppData\Local\Temp\VMBuilds\MeandrSAMD21G18A\arduino_zero_native\Release/core.a(CDC.cpp.o)
 .debug_abbrev  0x00003482      0x8f9 C:\Users\moseichuk\AppData\Local\Temp\VMBuilds\MeandrSAMD21G18A\arduino_zero_native\Release/core.a(USBCore.cpp.o)
 .debug_abbrev  0x00003d7b      0x2f1 C:\Users\moseichuk\AppData\Local\Temp\VMBuilds\MeandrSAMD21G18A\arduino_zero_native\Release/core.a(PluggableUSB.cpp.o)

.debug_loc      0x00000000     0x645d
 .debug_loc     0x00000000      0x179 C:\Users\moseichuk\AppData\Local\Temp\VMBuilds\MeandrSAMD21G18A\arduino_zero_native\Release\MeandrSAMD21G18A.cpp.o
 .debug_loc     0x00000179      0x20d C:\Users\moseichuk\AppData\Local\Temp\VMBuilds\MeandrSAMD21G18A\arduino_zero_native\Release\CorePinScenario.cpp.o
 .debug_loc     0x00000386       0x7b C:\Users\moseichuk\AppData\Local\Temp\VMBuilds\MeandrSAMD21G18A\arduino_zero_native\Release/core.a(cortex_handlers.c.o)
 .debug_loc     0x00000401       0xf4 C:\Users\moseichuk\AppData\Local\Temp\VMBuilds\MeandrSAMD21G18A\arduino_zero_native\Release/core.a(delay.c.o)
 .debug_loc     0x000004f5       0x58 C:\Users\moseichuk\AppData\Local\Temp\VMBuilds\MeandrSAMD21G18A\arduino_zero_native\Release/core.a(startup.c.o)
 .debug_loc     0x0000054d       0xe9 C:\Users\moseichuk\AppData\Local\Temp\VMBuilds\MeandrSAMD21G18A\arduino_zero_native\Release/core.a(wiring.c.o)
 .debug_loc     0x00000636      0x53d C:\Users\moseichuk\AppData\Local\Temp\VMBuilds\MeandrSAMD21G18A\arduino_zero_native\Release/core.a(wiring_analog.c.o)
 .debug_loc     0x00000b73      0x19f C:\Users\moseichuk\AppData\Local\Temp\VMBuilds\MeandrSAMD21G18A\arduino_zero_native\Release/core.a(wiring_digital.c.o)
 .debug_loc     0x00000d12      0x123 C:\Users\moseichuk\AppData\Local\Temp\VMBuilds\MeandrSAMD21G18A\arduino_zero_native\Release/core.a(wiring_private.c.o)
 .debug_loc     0x00000e35       0x84 C:\Users\moseichuk\AppData\Local\Temp\VMBuilds\MeandrSAMD21G18A\arduino_zero_native\Release/core.a(new.cpp.o)
 .debug_loc     0x00000eb9     0x1155 C:\Users\moseichuk\AppData\Local\Temp\VMBuilds\MeandrSAMD21G18A\arduino_zero_native\Release/core.a(Print.cpp.o)
 .debug_loc     0x0000200e      0xa97 C:\Users\moseichuk\AppData\Local\Temp\VMBuilds\MeandrSAMD21G18A\arduino_zero_native\Release/core.a(SERCOM.cpp.o)
 .debug_loc     0x00002aa5      0xa94 C:\Users\moseichuk\AppData\Local\Temp\VMBuilds\MeandrSAMD21G18A\arduino_zero_native\Release/core.a(Uart.cpp.o)
 .debug_loc     0x00003539      0x17e C:\Users\moseichuk\AppData\Local\Temp\VMBuilds\MeandrSAMD21G18A\arduino_zero_native\Release/core.a(WMath.cpp.o)
 .debug_loc     0x000036b7      0x565 C:\Users\moseichuk\AppData\Local\Temp\VMBuilds\MeandrSAMD21G18A\arduino_zero_native\Release/core.a(CDC.cpp.o)
 .debug_loc     0x00003c1c     0x25e9 C:\Users\moseichuk\AppData\Local\Temp\VMBuilds\MeandrSAMD21G18A\arduino_zero_native\Release/core.a(USBCore.cpp.o)
 .debug_loc     0x00006205      0x258 C:\Users\moseichuk\AppData\Local\Temp\VMBuilds\MeandrSAMD21G18A\arduino_zero_native\Release/core.a(PluggableUSB.cpp.o)

.debug_aranges  0x00000000      0x960
 .debug_aranges
                0x00000000       0x30 C:\Users\moseichuk\AppData\Local\Temp\VMBuilds\MeandrSAMD21G18A\arduino_zero_native\Release\MeandrSAMD21G18A.cpp.o
 .debug_aranges
                0x00000030       0x68 C:\Users\moseichuk\AppData\Local\Temp\VMBuilds\MeandrSAMD21G18A\arduino_zero_native\Release\CorePinScenario.cpp.o
 .debug_aranges
                0x00000098       0x30 C:\Users\moseichuk\AppData\Local\Temp\VMBuilds\MeandrSAMD21G18A\arduino_zero_native\Release\variant\variant.cpp.o
 .debug_aranges
                0x000000c8       0x40 C:\Users\moseichuk\AppData\Local\Temp\VMBuilds\MeandrSAMD21G18A\arduino_zero_native\Release/core.a(cortex_handlers.c.o)
 .debug_aranges
                0x00000108       0x38 C:\Users\moseichuk\AppData\Local\Temp\VMBuilds\MeandrSAMD21G18A\arduino_zero_native\Release/core.a(delay.c.o)
 .debug_aranges
                0x00000140       0x30 C:\Users\moseichuk\AppData\Local\Temp\VMBuilds\MeandrSAMD21G18A\arduino_zero_native\Release/core.a(hooks.c.o)
 .debug_aranges
                0x00000170       0x20 C:\Users\moseichuk\AppData\Local\Temp\VMBuilds\MeandrSAMD21G18A\arduino_zero_native\Release/core.a(startup.c.o)
 .debug_aranges
                0x00000190       0x20 C:\Users\moseichuk\AppData\Local\Temp\VMBuilds\MeandrSAMD21G18A\arduino_zero_native\Release/core.a(wiring.c.o)
 .debug_aranges
                0x000001b0       0x48 C:\Users\moseichuk\AppData\Local\Temp\VMBuilds\MeandrSAMD21G18A\arduino_zero_native\Release/core.a(wiring_analog.c.o)
 .debug_aranges
                0x000001f8       0x30 C:\Users\moseichuk\AppData\Local\Temp\VMBuilds\MeandrSAMD21G18A\arduino_zero_native\Release/core.a(wiring_digital.c.o)
 .debug_aranges
                0x00000228       0x20 C:\Users\moseichuk\AppData\Local\Temp\VMBuilds\MeandrSAMD21G18A\arduino_zero_native\Release/core.a(wiring_private.c.o)
 .debug_aranges
                0x00000248       0x28 C:\Users\moseichuk\AppData\Local\Temp\VMBuilds\MeandrSAMD21G18A\arduino_zero_native\Release/core.a(main.cpp.o)
 .debug_aranges
                0x00000270       0x38 C:\Users\moseichuk\AppData\Local\Temp\VMBuilds\MeandrSAMD21G18A\arduino_zero_native\Release/core.a(new.cpp.o)
 .debug_aranges
                0x000002a8      0x108 C:\Users\moseichuk\AppData\Local\Temp\VMBuilds\MeandrSAMD21G18A\arduino_zero_native\Release/core.a(Print.cpp.o)
 .debug_aranges
                0x000003b0       0x30 C:\Users\moseichuk\AppData\Local\Temp\VMBuilds\MeandrSAMD21G18A\arduino_zero_native\Release/core.a(Reset.cpp.o)
 .debug_aranges
                0x000003e0      0x1d8 C:\Users\moseichuk\AppData\Local\Temp\VMBuilds\MeandrSAMD21G18A\arduino_zero_native\Release/core.a(SERCOM.cpp.o)
 .debug_aranges
                0x000005b8       0xb8 C:\Users\moseichuk\AppData\Local\Temp\VMBuilds\MeandrSAMD21G18A\arduino_zero_native\Release/core.a(Uart.cpp.o)
 .debug_aranges
                0x00000670       0x48 C:\Users\moseichuk\AppData\Local\Temp\VMBuilds\MeandrSAMD21G18A\arduino_zero_native\Release/core.a(WMath.cpp.o)
 .debug_aranges
                0x000006b8       0xe8 C:\Users\moseichuk\AppData\Local\Temp\VMBuilds\MeandrSAMD21G18A\arduino_zero_native\Release/core.a(CDC.cpp.o)
 .debug_aranges
                0x000007a0      0x170 C:\Users\moseichuk\AppData\Local\Temp\VMBuilds\MeandrSAMD21G18A\arduino_zero_native\Release/core.a(USBCore.cpp.o)
 .debug_aranges
                0x00000910       0x50 C:\Users\moseichuk\AppData\Local\Temp\VMBuilds\MeandrSAMD21G18A\arduino_zero_native\Release/core.a(PluggableUSB.cpp.o)

.debug_ranges   0x00000000     0x13c0
 .debug_ranges  0x00000000       0x38 C:\Users\moseichuk\AppData\Local\Temp\VMBuilds\MeandrSAMD21G18A\arduino_zero_native\Release\MeandrSAMD21G18A.cpp.o
 .debug_ranges  0x00000038       0xa8 C:\Users\moseichuk\AppData\Local\Temp\VMBuilds\MeandrSAMD21G18A\arduino_zero_native\Release\CorePinScenario.cpp.o
 .debug_ranges  0x000000e0       0x20 C:\Users\moseichuk\AppData\Local\Temp\VMBuilds\MeandrSAMD21G18A\arduino_zero_native\Release\variant\variant.cpp.o
 .debug_ranges  0x00000100       0x30 C:\Users\moseichuk\AppData\Local\Temp\VMBuilds\MeandrSAMD21G18A\arduino_zero_native\Release/core.a(cortex_handlers.c.o)
 .debug_ranges  0x00000130       0x28 C:\Users\moseichuk\AppData\Local\Temp\VMBuilds\MeandrSAMD21G18A\arduino_zero_native\Release/core.a(delay.c.o)
 .debug_ranges  0x00000158       0x20 C:\Users\moseichuk\AppData\Local\Temp\VMBuilds\MeandrSAMD21G18A\arduino_zero_native\Release/core.a(hooks.c.o)
 .debug_ranges  0x00000178       0x10 C:\Users\moseichuk\AppData\Local\Temp\VMBuilds\MeandrSAMD21G18A\arduino_zero_native\Release/core.a(startup.c.o)
 .debug_ranges  0x00000188       0x28 C:\Users\moseichuk\AppData\Local\Temp\VMBuilds\MeandrSAMD21G18A\arduino_zero_native\Release/core.a(wiring.c.o)
 .debug_ranges  0x000001b0       0x38 C:\Users\moseichuk\AppData\Local\Temp\VMBuilds\MeandrSAMD21G18A\arduino_zero_native\Release/core.a(wiring_analog.c.o)
 .debug_ranges  0x000001e8       0x20 C:\Users\moseichuk\AppData\Local\Temp\VMBuilds\MeandrSAMD21G18A\arduino_zero_native\Release/core.a(wiring_digital.c.o)
 .debug_ranges  0x00000208       0x28 C:\Users\moseichuk\AppData\Local\Temp\VMBuilds\MeandrSAMD21G18A\arduino_zero_native\Release/core.a(wiring_private.c.o)
 .debug_ranges  0x00000230       0x18 C:\Users\moseichuk\AppData\Local\Temp\VMBuilds\MeandrSAMD21G18A\arduino_zero_native\Release/core.a(main.cpp.o)
 .debug_ranges  0x00000248       0x28 C:\Users\moseichuk\AppData\Local\Temp\VMBuilds\MeandrSAMD21G18A\arduino_zero_native\Release/core.a(new.cpp.o)
 .debug_ranges  0x00000270      0x290 C:\Users\moseichuk\AppData\Local\Temp\VMBuilds\MeandrSAMD21G18A\arduino_zero_native\Release/core.a(Print.cpp.o)
 .debug_ranges  0x00000500       0x38 C:\Users\moseichuk\AppData\Local\Temp\VMBuilds\MeandrSAMD21G18A\arduino_zero_native\Release/core.a(Reset.cpp.o)
 .debug_ranges  0x00000538      0x298 C:\Users\moseichuk\AppData\Local\Temp\VMBuilds\MeandrSAMD21G18A\arduino_zero_native\Release/core.a(SERCOM.cpp.o)
 .debug_ranges  0x000007d0      0x228 C:\Users\moseichuk\AppData\Local\Temp\VMBuilds\MeandrSAMD21G18A\arduino_zero_native\Release/core.a(Uart.cpp.o)
 .debug_ranges  0x000009f8       0x38 C:\Users\moseichuk\AppData\Local\Temp\VMBuilds\MeandrSAMD21G18A\arduino_zero_native\Release/core.a(WMath.cpp.o)
 .debug_ranges  0x00000a30      0x130 C:\Users\moseichuk\AppData\Local\Temp\VMBuilds\MeandrSAMD21G18A\arduino_zero_native\Release/core.a(CDC.cpp.o)
 .debug_ranges  0x00000b60      0x790 C:\Users\moseichuk\AppData\Local\Temp\VMBuilds\MeandrSAMD21G18A\arduino_zero_native\Release/core.a(USBCore.cpp.o)
 .debug_ranges  0x000012f0       0xd0 C:\Users\moseichuk\AppData\Local\Temp\VMBuilds\MeandrSAMD21G18A\arduino_zero_native\Release/core.a(PluggableUSB.cpp.o)

.debug_line     0x00000000     0x6487
 .debug_line    0x00000000      0x544 C:\Users\moseichuk\AppData\Local\Temp\VMBuilds\MeandrSAMD21G18A\arduino_zero_native\Release\MeandrSAMD21G18A.cpp.o
 .debug_line    0x00000544      0x49d C:\Users\moseichuk\AppData\Local\Temp\VMBuilds\MeandrSAMD21G18A\arduino_zero_native\Release\CorePinScenario.cpp.o
 .debug_line    0x000009e1      0x325 C:\Users\moseichuk\AppData\Local\Temp\VMBuilds\MeandrSAMD21G18A\arduino_zero_native\Release\variant\variant.cpp.o
 .debug_line    0x00000d06      0x332 C:\Users\moseichuk\AppData\Local\Temp\VMBuilds\MeandrSAMD21G18A\arduino_zero_native\Release/core.a(cortex_handlers.c.o)
 .debug_line    0x00001038      0x329 C:\Users\moseichuk\AppData\Local\Temp\VMBuilds\MeandrSAMD21G18A\arduino_zero_native\Release/core.a(delay.c.o)
 .debug_line    0x00001361       0xb6 C:\Users\moseichuk\AppData\Local\Temp\VMBuilds\MeandrSAMD21G18A\arduino_zero_native\Release/core.a(hooks.c.o)
 .debug_line    0x00001417      0x3fb C:\Users\moseichuk\AppData\Local\Temp\VMBuilds\MeandrSAMD21G18A\arduino_zero_native\Release/core.a(startup.c.o)
 .debug_line    0x00001812      0x43d C:\Users\moseichuk\AppData\Local\Temp\VMBuilds\MeandrSAMD21G18A\arduino_zero_native\Release/core.a(wiring.c.o)
 .debug_line    0x00001c4f      0x51e C:\Users\moseichuk\AppData\Local\Temp\VMBuilds\MeandrSAMD21G18A\arduino_zero_native\Release/core.a(wiring_analog.c.o)
 .debug_line    0x0000216d      0x392 C:\Users\moseichuk\AppData\Local\Temp\VMBuilds\MeandrSAMD21G18A\arduino_zero_native\Release/core.a(wiring_digital.c.o)
 .debug_line    0x000024ff      0x395 C:\Users\moseichuk\AppData\Local\Temp\VMBuilds\MeandrSAMD21G18A\arduino_zero_native\Release/core.a(wiring_private.c.o)
 .debug_line    0x00002894      0x2f3 C:\Users\moseichuk\AppData\Local\Temp\VMBuilds\MeandrSAMD21G18A\arduino_zero_native\Release/core.a(main.cpp.o)
 .debug_line    0x00002b87      0x1df C:\Users\moseichuk\AppData\Local\Temp\VMBuilds\MeandrSAMD21G18A\arduino_zero_native\Release/core.a(new.cpp.o)
 .debug_line    0x00002d66      0x6d0 C:\Users\moseichuk\AppData\Local\Temp\VMBuilds\MeandrSAMD21G18A\arduino_zero_native\Release/core.a(Print.cpp.o)